Archive member included to satisfy reference by file (symbol)

E:/stm cube/STM32CubeIDE_1.13.2/STM32CubeIDE/plugins/com.st.stm32cube.ide.mcu.externaltools.gnu-tools-for-stm32.12.3.rel1.win32_1.0.100.202403111256/tools/bin/../lib/gcc/arm-none-eabi/12.3.1/../../../../arm-none-eabi/lib/thumb/v7e-m+fp/hard\libc_nano.a(libc_a-exit.o)
                              E:/stm cube/STM32CubeIDE_1.13.2/STM32CubeIDE/plugins/com.st.stm32cube.ide.mcu.externaltools.gnu-tools-for-stm32.12.3.rel1.win32_1.0.100.202403111256/tools/bin/../lib/gcc/arm-none-eabi/12.3.1/../../../../arm-none-eabi/lib/thumb/v7e-m+fp/hard/crt0.o (exit)
E:/stm cube/STM32CubeIDE_1.13.2/STM32CubeIDE/plugins/com.st.stm32cube.ide.mcu.externaltools.gnu-tools-for-stm32.12.3.rel1.win32_1.0.100.202403111256/tools/bin/../lib/gcc/arm-none-eabi/12.3.1/../../../../arm-none-eabi/lib/thumb/v7e-m+fp/hard\libc_nano.a(libc_a-findfp.o)
                              E:/stm cube/STM32CubeIDE_1.13.2/STM32CubeIDE/plugins/com.st.stm32cube.ide.mcu.externaltools.gnu-tools-for-stm32.12.3.rel1.win32_1.0.100.202403111256/tools/bin/../lib/gcc/arm-none-eabi/12.3.1/../../../../arm-none-eabi/lib/thumb/v7e-m+fp/hard\libc_nano.a(libc_a-exit.o) (__stdio_exit_handler)
E:/stm cube/STM32CubeIDE_1.13.2/STM32CubeIDE/plugins/com.st.stm32cube.ide.mcu.externaltools.gnu-tools-for-stm32.12.3.rel1.win32_1.0.100.202403111256/tools/bin/../lib/gcc/arm-none-eabi/12.3.1/../../../../arm-none-eabi/lib/thumb/v7e-m+fp/hard\libc_nano.a(libc_a-fwalk.o)
                              E:/stm cube/STM32CubeIDE_1.13.2/STM32CubeIDE/plugins/com.st.stm32cube.ide.mcu.externaltools.gnu-tools-for-stm32.12.3.rel1.win32_1.0.100.202403111256/tools/bin/../lib/gcc/arm-none-eabi/12.3.1/../../../../arm-none-eabi/lib/thumb/v7e-m+fp/hard\libc_nano.a(libc_a-findfp.o) (_fwalk_sglue)
E:/stm cube/STM32CubeIDE_1.13.2/STM32CubeIDE/plugins/com.st.stm32cube.ide.mcu.externaltools.gnu-tools-for-stm32.12.3.rel1.win32_1.0.100.202403111256/tools/bin/../lib/gcc/arm-none-eabi/12.3.1/../../../../arm-none-eabi/lib/thumb/v7e-m+fp/hard\libc_nano.a(libc_a-stdio.o)
                              E:/stm cube/STM32CubeIDE_1.13.2/STM32CubeIDE/plugins/com.st.stm32cube.ide.mcu.externaltools.gnu-tools-for-stm32.12.3.rel1.win32_1.0.100.202403111256/tools/bin/../lib/gcc/arm-none-eabi/12.3.1/../../../../arm-none-eabi/lib/thumb/v7e-m+fp/hard\libc_nano.a(libc_a-findfp.o) (__sread)
E:/stm cube/STM32CubeIDE_1.13.2/STM32CubeIDE/plugins/com.st.stm32cube.ide.mcu.externaltools.gnu-tools-for-stm32.12.3.rel1.win32_1.0.100.202403111256/tools/bin/../lib/gcc/arm-none-eabi/12.3.1/../../../../arm-none-eabi/lib/thumb/v7e-m+fp/hard\libc_nano.a(libc_a-memset.o)
                              E:/stm cube/STM32CubeIDE_1.13.2/STM32CubeIDE/plugins/com.st.stm32cube.ide.mcu.externaltools.gnu-tools-for-stm32.12.3.rel1.win32_1.0.100.202403111256/tools/bin/../lib/gcc/arm-none-eabi/12.3.1/../../../../arm-none-eabi/lib/thumb/v7e-m+fp/hard/crt0.o (memset)
E:/stm cube/STM32CubeIDE_1.13.2/STM32CubeIDE/plugins/com.st.stm32cube.ide.mcu.externaltools.gnu-tools-for-stm32.12.3.rel1.win32_1.0.100.202403111256/tools/bin/../lib/gcc/arm-none-eabi/12.3.1/../../../../arm-none-eabi/lib/thumb/v7e-m+fp/hard\libc_nano.a(libc_a-closer.o)
                              E:/stm cube/STM32CubeIDE_1.13.2/STM32CubeIDE/plugins/com.st.stm32cube.ide.mcu.externaltools.gnu-tools-for-stm32.12.3.rel1.win32_1.0.100.202403111256/tools/bin/../lib/gcc/arm-none-eabi/12.3.1/../../../../arm-none-eabi/lib/thumb/v7e-m+fp/hard\libc_nano.a(libc_a-stdio.o) (_close_r)
E:/stm cube/STM32CubeIDE_1.13.2/STM32CubeIDE/plugins/com.st.stm32cube.ide.mcu.externaltools.gnu-tools-for-stm32.12.3.rel1.win32_1.0.100.202403111256/tools/bin/../lib/gcc/arm-none-eabi/12.3.1/../../../../arm-none-eabi/lib/thumb/v7e-m+fp/hard\libc_nano.a(libc_a-reent.o)
                              E:/stm cube/STM32CubeIDE_1.13.2/STM32CubeIDE/plugins/com.st.stm32cube.ide.mcu.externaltools.gnu-tools-for-stm32.12.3.rel1.win32_1.0.100.202403111256/tools/bin/../lib/gcc/arm-none-eabi/12.3.1/../../../../arm-none-eabi/lib/thumb/v7e-m+fp/hard\libc_nano.a(libc_a-closer.o) (errno)
E:/stm cube/STM32CubeIDE_1.13.2/STM32CubeIDE/plugins/com.st.stm32cube.ide.mcu.externaltools.gnu-tools-for-stm32.12.3.rel1.win32_1.0.100.202403111256/tools/bin/../lib/gcc/arm-none-eabi/12.3.1/../../../../arm-none-eabi/lib/thumb/v7e-m+fp/hard\libc_nano.a(libc_a-impure.o)
                              E:/stm cube/STM32CubeIDE_1.13.2/STM32CubeIDE/plugins/com.st.stm32cube.ide.mcu.externaltools.gnu-tools-for-stm32.12.3.rel1.win32_1.0.100.202403111256/tools/bin/../lib/gcc/arm-none-eabi/12.3.1/../../../../arm-none-eabi/lib/thumb/v7e-m+fp/hard\libc_nano.a(libc_a-reent.o) (_impure_ptr)
E:/stm cube/STM32CubeIDE_1.13.2/STM32CubeIDE/plugins/com.st.stm32cube.ide.mcu.externaltools.gnu-tools-for-stm32.12.3.rel1.win32_1.0.100.202403111256/tools/bin/../lib/gcc/arm-none-eabi/12.3.1/../../../../arm-none-eabi/lib/thumb/v7e-m+fp/hard\libc_nano.a(libc_a-lseekr.o)
[...]
Memory Configuration

Name             Origin             Length             Attributes
RAM              0x20000000         0x00020000         xrw
FLASH            0x08000000         0x00080000         xr
*default*        0x00000000         0xffffffff

Linker script and memory map

LOAD E:/stm cube/STM32CubeIDE_1.13.2/STM32CubeIDE/plugins/com.st.stm32cube.ide.mcu.externaltools.gnu-tools-for-stm32.12.3.rel1.win32_1.0.100.202403111256/tools/bin/../lib/gcc/arm-none-eabi/12.3.1/thumb/v7e-m+fp/hard/crti.o
LOAD E:/stm cube/STM32CubeIDE_1.13.2/STM32CubeIDE/plugins/com.st.stm32cube.ide.mcu.externaltools.gnu-tools-for-stm32.12.3.rel1.win32_1.0.100.202403111256/tools/bin/../lib/gcc/arm-none-eabi/12.3.1/thumb/v7e-m+fp/hard/crtbegin.o
LOAD E:/stm cube/STM32CubeIDE_1.13.2/STM32CubeIDE/plugins/com.st.stm32cube.ide.mcu.externaltools.gnu-tools-for-stm32.12.3.rel1.win32_1.0.100.202403111256/tools/bin/../lib/gcc/arm-none-eabi/12.3.1/../../../../arm-none-eabi/lib/thumb/v7e-m+fp/hard/crt0.o
LOAD ./Core/Src/ModBusRTU.o
LOAD ./Core/Src/main.o
LOAD ./Core/Src/stm32g4xx_hal_msp.o
LOAD ./Core/Src/stm32g4xx_it.o
LOAD ./Core/Src/syscalls.o
LOAD ./Core/Src/sysmem.o
LOAD ./Core/Src/system_stm32g4xx.o
LOAD ./Core/Startup/startup_stm32g474retx.o
LOAD ./Drivers/STM32G4xx_HAL_Driver/Src/stm32g4xx_hal.o
LOAD ./Drivers/STM32G4xx_HAL_Driver/Src/stm32g4xx_hal_adc.o
LOAD ./Drivers/STM32G4xx_HAL_Driver/Src/stm32g4xx_hal_adc_ex.o
LOAD ./Drivers/STM32G4xx_HAL_Driver/Src/stm32g4xx_hal_cortex.o
LOAD ./Drivers/STM32G4xx_HAL_Driver/Src/stm32g4xx_hal_dma.o
LOAD ./Drivers/STM32G4xx_HAL_Driver/Src/stm32g4xx_hal_dma_ex.o
LOAD ./Drivers/STM32G4xx_HAL_Driver/Src/stm32g4xx_hal_exti.o
LOAD ./Drivers/STM32G4xx_HAL_Driver/Src/stm32g4xx_hal_flash.o
LOAD ./Drivers/STM32G4xx_HAL_Driver/Src/stm32g4xx_hal_flash_ex.o
LOAD ./Drivers/STM32G4xx_HAL_Driver/Src/stm32g4xx_hal_flash_ramfunc.o
LOAD ./Drivers/STM32G4xx_HAL_Driver/Src/stm32g4xx_hal_gpio.o
LOAD ./Drivers/STM32G4xx_HAL_Driver/Src/stm32g4xx_hal_pwr.o
LOAD ./Drivers/STM32G4xx_HAL_Driver/Src/stm32g4xx_hal_pwr_ex.o
LOAD ./Drivers/STM32G4xx_HAL_Driver/Src/stm32g4xx_hal_rcc.o
LOAD ./Drivers/STM32G4xx_HAL_Driver/Src/stm32g4xx_hal_rcc_ex.o
LOAD ./Drivers/STM32G4xx_HAL_Driver/Src/stm32g4xx_hal_tim.o
LOAD ./Drivers/STM32G4xx_HAL_Driver/Src/stm32g4xx_hal_tim_ex.o
LOAD ./Drivers/STM32G4xx_HAL_Driver/Src/stm32g4xx_hal_uart.o
LOAD ./Drivers/STM32G4xx_HAL_Driver/Src/stm32g4xx_hal_uart_ex.o
LOAD ./Drivers/STM32G4xx_HAL_Driver/Src/stm32g4xx_ll_adc.o
LOAD ./Middlewares/Third_Party/ARM_CMSIS/Source/BasicMathFunctions/BasicMathFunctions.o
LOAD ./Middlewares/Third_Party/ARM_CMSIS/Source/BasicMathFunctions/BasicMathFunctionsF16.o
LOAD ./Middlewares/Third_Party/ARM_CMSIS/Source/BayesFunctions/BayesFunctions.o
LOAD ./Middlewares/Third_Party/ARM_CMSIS/Source/BayesFunctions/BayesFunctionsF16.o
LOAD ./Middlewares/Third_Party/ARM_CMSIS/Source/CommonTables/CommonTables.o
LOAD ./Middlewares/Third_Party/ARM_CMSIS/Source/CommonTables/CommonTablesF16.o
LOAD ./Middlewares/Third_Party/ARM_CMSIS/Source/ComplexMathFunctions/ComplexMathFunctions.o
LOAD ./Middlewares/Third_Party/ARM_CMSIS/Source/ComplexMathFunctions/ComplexMathFunctionsF16.o
LOAD ./Middlewares/Third_Party/ARM_CMSIS/Source/ControllerFunctions/ControllerFunctions.o
LOAD ./Middlewares/Third_Party/ARM_CMSIS/Source/DistanceFunctions/DistanceFunctions.o
LOAD ./Middlewares/Third_Party/ARM_CMSIS/Source/DistanceFunctions/DistanceFunctionsF16.o
LOAD ./Middlewares/Third_Party/ARM_CMSIS/Source/FastMathFunctions/FastMathFunctions.o
LOAD ./Middlewares/Third_Party/ARM_CMSIS/Source/FastMathFunctions/FastMathFunctionsF16.o
LOAD ./Middlewares/Third_Party/ARM_CMSIS/Source/FilteringFunctions/FilteringFunctions.o
LOAD ./Middlewares/Third_Party/ARM_CMSIS/Source/FilteringFunctions/FilteringFunctionsF16.o
LOAD ./Middlewares/Third_Party/ARM_CMSIS/Source/InterpolationFunctions/InterpolationFunctions.o
LOAD ./Middlewares/Third_Party/ARM_CMSIS/Source/InterpolationFunctions/InterpolationFunctionsF16.o
LOAD ./Middlewares/Third_Party/ARM_CMSIS/Source/MatrixFunctions/MatrixFunctions.o
LOAD ./Middlewares/Third_Party/ARM_CMSIS/Source/MatrixFunctions/MatrixFunctionsF16.o
LOAD ./Middlewares/Third_Party/ARM_CMSIS/Source/QuaternionMathFunctions/QuaternionMathFunctions.o
LOAD ./Middlewares/Third_Party/ARM_CMSIS/Source/SVMFunctions/SVMFunctions.o
LOAD ./Middlewares/Third_Party/ARM_CMSIS/Source/SVMFunctions/SVMFunctionsF16.o
LOAD ./Middlewares/Third_Party/ARM_CMSIS/Source/StatisticsFunctions/StatisticsFunctions.o
LOAD ./Middlewares/Third_Party/ARM_CMSIS/Source/StatisticsFunctions/StatisticsFunctionsF16.o
LOAD ./Middlewares/Third_Party/ARM_CMSIS/Source/SupportFunctions/SupportFunctions.o
LOAD ./Middlewares/Third_Party/ARM_CMSIS/Source/SupportFunctions/SupportFunctionsF16.o
LOAD ./Middlewares/Third_Party/ARM_CMSIS/Source/TransformFunctions/TransformFunctions.o
LOAD ./Middlewares/Third_Party/ARM_CMSIS/Source/TransformFunctions/TransformFunctionsF16.o
START GROUP
LOAD E:/stm cube/STM32CubeIDE_1.13.2/STM32CubeIDE/plugins/com.st.stm32cube.ide.mcu.externaltools.gnu-tools-for-stm32.12.3.rel1.win32_1.0.100.202403111256/tools/bin/../lib/gcc/arm-none-eabi/12.3.1/../../../../arm-none-eabi/lib/thumb/v7e-m+fp/hard\libc_nano.a
LOAD E:/stm cube/STM32CubeIDE_1.13.2/STM32CubeIDE/plugins/com.st.stm32cube.ide.mcu.externaltools.gnu-tools-for-stm32.12.3.rel1.win32_1.0.100.202403111256/tools/bin/../lib/gcc/arm-none-eabi/12.3.1/../../../../arm-none-eabi/lib/thumb/v7e-m+fp/hard\libm.a
END GROUP
START GROUP
LOAD E:/stm cube/STM32CubeIDE_1.13.2/STM32CubeIDE/plugins/com.st.stm32cube.ide.mcu.externaltools.gnu-tools-for-stm32.12.3.rel1.win32_1.0.100.202403111256/tools/bin/../lib/gcc/arm-none-eabi/12.3.1/thumb/v7e-m+fp/hard\libgcc.a
LOAD E:/stm cube/STM32CubeIDE_1.13.2/STM32CubeIDE/plugins/com.st.stm32cube.ide.mcu.externaltools.gnu-tools-for-stm32.12.3.rel1.win32_1.0.100.202403111256/tools/bin/../lib/gcc/arm-none-eabi/12.3.1/../../../../arm-none-eabi/lib/thumb/v7e-m+fp/hard\libc_nano.a
END GROUP
START GROUP
LOAD E:/stm cube/STM32CubeIDE_1.13.2/STM32CubeIDE/plugins/com.st.stm32cube.ide.mcu.externaltools.gnu-tools-for-stm32.12.3.rel1.win32_1.0.100.202403111256/tools/bin/../lib/gcc/arm-none-eabi/12.3.1/thumb/v7e-m+fp/hard\libgcc.a
LOAD E:/stm cube/STM32CubeIDE_1.13.2/STM32CubeIDE/plugins/com.st.stm32cube.ide.mcu.externaltools.gnu-tools-for-stm32.12.3.rel1.win32_1.0.100.202403111256/tools/bin/../lib/gcc/arm-none-eabi/12.3.1/../../../../arm-none-eabi/lib/thumb/v7e-m+fp/hard\libc_nano.a
LOAD E:/stm cube/STM32CubeIDE_1.13.2/STM32CubeIDE/plugins/com.st.stm32cube.ide.mcu.externaltools.gnu-tools-for-stm32.12.3.rel1.win32_1.0.100.202403111256/tools/bin/../lib/gcc/arm-none-eabi/12.3.1/../../../../arm-none-eabi/lib/thumb/v7e-m+fp/hard\libnosys.a
END GROUP
START GROUP
LOAD E:/stm cube/STM32CubeIDE_1.13.2/STM32CubeIDE/plugins/com.st.stm32cube.ide.mcu.externaltools.gnu-tools-for-stm32.12.3.rel1.win32_1.0.100.202403111256/tools/bin/../lib/gcc/arm-none-eabi/12.3.1/thumb/v7e-m+fp/hard\libgcc.a
LOAD E:/stm cube/STM32CubeIDE_1.13.2/STM32CubeIDE/plugins/com.st.stm32cube.ide.mcu.externaltools.gnu-tools-for-stm32.12.3.rel1.win32_1.0.100.202403111256/tools/bin/../lib/gcc/arm-none-eabi/12.3.1/../../../../arm-none-eabi/lib/thumb/v7e-m+fp/hard\libc_nano.a
LOAD E:/stm cube/STM32CubeIDE_1.13.2/STM32CubeIDE/plugins/com.st.stm32cube.ide.mcu.externaltools.gnu-tools-for-stm32.12.3.rel1.win32_1.0.100.202403111256/tools/bin/../lib/gcc/arm-none-eabi/12.3.1/../../../../arm-none-eabi/lib/thumb/v7e-m+fp/hard\libnosys.a
END GROUP
LOAD E:/stm cube/STM32CubeIDE_1.13.2/STM32CubeIDE/plugins/com.st.stm32cube.ide.mcu.externaltools.gnu-tools-for-stm32.12.3.rel1.win32_1.0.100.202403111256/tools/bin/../lib/gcc/arm-none-eabi/12.3.1/thumb/v7e-m+fp/hard/crtend.o
LOAD E:/stm cube/STM32CubeIDE_1.13.2/STM32CubeIDE/plugins/com.st.stm32cube.ide.mcu.externaltools.gnu-tools-for-stm32.12.3.rel1.win32_1.0.100.202403111256/tools/bin/../lib/gcc/arm-none-eabi/12.3.1/thumb/v7e-m+fp/hard/crtn.o
                0x20020000                        _estack = (ORIGIN (RAM) + LENGTH (RAM))
                0x00000200                        _Min_Heap_Size = 0x200
                0x00000400                        _Min_Stack_Size = 0x400

.isr_vector     0x08000000      0x1d8
                0x08000000                        . = ALIGN (0x4)
 *(.isr_vector)
 .isr_vector    0x08000000      0x1d8 ./Core/Startup/startup_stm32g474retx.o
                0x08000000                g_pfnVectors
                0x080001d8                        . = ALIGN (0x4)

.text           0x080001d8     0xacc4
                0x080001d8                        . = ALIGN (0x4)
 *(.text)
 .text          0x080001d8       0x40 E:/stm cube/STM32CubeIDE_1.13.2/STM32CubeIDE/plugins/com.st.stm32cube.ide.mcu.externaltools.gnu-tools-for-stm32.12.3.rel1.win32_1.0.100.202403111256/tools/bin/../lib/gcc/arm-none-eabi/12.3.1/thumb/v7e-m+fp/hard/crtbegin.o
 .text          0x08000218      0x378 E:/stm cube/STM32CubeIDE_1.13.2/STM32CubeIDE/plugins/com.st.stm32cube.ide.mcu.externaltools.gnu-tools-for-stm32.12.3.rel1.win32_1.0.100.202403111256/tools/bin/../lib/gcc/arm-none-eabi/12.3.1/thumb/v7e-m+fp/hard\libgcc.a(_arm_addsubdf3.o)
                0x08000218                __aeabi_drsub
                0x08000220                __aeabi_dsub
                0x08000220                __subdf3
                0x08000224                __aeabi_dadd
                0x08000224                __adddf3
                0x0800049c                __floatunsidf
                0x0800049c                __aeabi_ui2d
                0x080004bc                __floatsidf
                0x080004bc                __aeabi_i2d
                0x080004e0                __aeabi_f2d
                0x080004e0                __extendsfdf2
                0x08000524                __floatundidf
                0x08000524                __aeabi_ul2d
                0x08000534                __floatdidf
                0x08000534                __aeabi_l2d
 .text          0x08000590      0x424 E:/stm cube/STM32CubeIDE_1.13.2/STM32CubeIDE/plugins/com.st.stm32cube.ide.mcu.externaltools.gnu-tools-for-stm32.12.3.rel1.win32_1.0.100.202403111256/tools/bin/../lib/gcc/arm-none-eabi/12.3.1/thumb/v7e-m+fp/hard\libgcc.a(_arm_muldivdf3.o)
                0x08000590                __aeabi_dmul
                0x08000590                __muldf3
                0x080007e4                __divdf3
                0x080007e4                __aeabi_ddiv
 .text          0x080009b4      0x110 E:/stm cube/STM32CubeIDE_1.13.2/STM32CubeIDE/plugins/com.st.stm32cube.ide.mcu.externaltools.gnu-tools-for-stm32.12.3.rel1.win32_1.0.100.202403111256/tools/bin/../lib/gcc/arm-none-eabi/12.3.1/thumb/v7e-m+fp/hard\libgcc.a(_arm_cmpdf2.o)
                0x080009b4                __gtdf2
                0x080009b4                __gedf2
                0x080009bc                __ltdf2
                0x080009bc                __ledf2
                0x080009c4                __nedf2
                0x080009c4                __eqdf2
                0x080009c4                __cmpdf2
                0x08000a40                __aeabi_cdrcmple
                0x08000a50                __aeabi_cdcmpeq
                0x08000a50                __aeabi_cdcmple
                0x08000a60                __aeabi_dcmpeq
                0x08000a74                __aeabi_dcmplt
                0x08000a88                __aeabi_dcmple
                0x08000a9c                __aeabi_dcmpge
                0x08000ab0                __aeabi_dcmpgt
 .text          0x08000ac4       0x2c E:/stm cube/STM32CubeIDE_1.13.2/STM32CubeIDE/plugins/com.st.stm32cube.ide.mcu.externaltools.gnu-tools-for-stm32.12.3.rel1.win32_1.0.100.202403111256/tools/bin/../lib/gcc/arm-none-eabi/12.3.1/thumb/v7e-m+fp/hard\libgcc.a(_arm_unorddf2.o)
                0x08000ac4                __unorddf2
                0x08000ac4                __aeabi_dcmpun
 .text          0x08000af0       0x40 E:/stm cube/STM32CubeIDE_1.13.2/STM32CubeIDE/plugins/com.st.stm32cube.ide.mcu.externaltools.gnu-tools-for-stm32.12.3.rel1.win32_1.0.100.202403111256/tools/bin/../lib/gcc/arm-none-eabi/12.3.1/thumb/v7e-m+fp/hard\libgcc.a(_arm_fixunsdfsi.o)
                0x08000af0                __aeabi_d2uiz
                0x08000af0                __fixunsdfsi
 .text          0x08000b30       0xa0 E:/stm cube/STM32CubeIDE_1.13.2/STM32CubeIDE/plugins/com.st.stm32cube.ide.mcu.externaltools.gnu-tools-for-stm32.12.3.rel1.win32_1.0.100.202403111256/tools/bin/../lib/gcc/arm-none-eabi/12.3.1/thumb/v7e-m+fp/hard\libgcc.a(_arm_truncdfsf2.o)
                0x08000b30                __truncdfsf2
                0x08000b30                __aeabi_d2f
 .text          0x08000bd0      0x21c E:/stm cube/STM32CubeIDE_1.13.2/STM32CubeIDE/plugins/com.st.stm32cube.ide.mcu.externaltools.gnu-tools-for-stm32.12.3.rel1.win32_1.0.100.202403111256/tools/bin/../lib/gcc/arm-none-eabi/12.3.1/thumb/v7e-m+fp/hard\libgcc.a(_arm_addsubsf3.o)
                0x08000bd0                __aeabi_frsub
                0x08000bd8                __subsf3
                0x08000bd8                __aeabi_fsub
                0x08000bdc                __aeabi_fadd
                0x08000bdc                __addsf3
                0x08000d3c                __aeabi_ui2f
                0x08000d3c                __floatunsisf
                0x08000d44                __aeabi_i2f
                0x08000d44                __floatsisf
                0x08000d60                __aeabi_ul2f
                0x08000d60                __floatundisf
                0x08000d70                __aeabi_l2f
                0x08000d70                __floatdisf
 .text          0x08000dec       0x30 E:/stm cube/STM32CubeIDE_1.13.2/STM32CubeIDE/plugins/com.st.stm32cube.ide.mcu.externaltools.gnu-tools-for-stm32.12.3.rel1.win32_1.0.100.202403111256/tools/bin/../lib/gcc/arm-none-eabi/12.3.1/thumb/v7e-m+fp/hard\libgcc.a(_aeabi_uldivmod.o)
                0x08000dec                __aeabi_uldivmod
 .text          0x08000e1c      0x2bc E:/stm cube/STM32CubeIDE_1.13.2/STM32CubeIDE/plugins/com.st.stm32cube.ide.mcu.externaltools.gnu-tools-for-stm32.12.3.rel1.win32_1.0.100.202403111256/tools/bin/../lib/gcc/arm-none-eabi/12.3.1/thumb/v7e-m+fp/hard\libgcc.a(_udivmoddi4.o)
                0x08000e1c                __udivmoddi4
 .text          0x080010d8        0x4 E:/stm cube/STM32CubeIDE_1.13.2/STM32CubeIDE/plugins/com.st.stm32cube.ide.mcu.externaltools.gnu-tools-for-stm32.12.3.rel1.win32_1.0.100.202403111256/tools/bin/../lib/gcc/arm-none-eabi/12.3.1/thumb/v7e-m+fp/hard\libgcc.a(_dvmd_tls.o)
                0x080010d8                __aeabi_idiv0
                0x080010d8                __aeabi_ldiv0
 *(.text*)
 .text.modbus_1t5_Timeout
                0x080010dc       0x40 ./Core/Src/ModBusRTU.o
                0x080010dc                modbus_1t5_Timeout
 .text.modbus_3t5_Timeout
                0x0800111c       0x20 ./Core/Src/ModBusRTU.o
                0x0800111c                modbus_3t5_Timeout
 .text.modbus_ErrorTimeout
                0x0800113c       0x20 ./Core/Src/ModBusRTU.o
                0x0800113c                modbus_ErrorTimeout
 .text.Modbus_init
                0x0800115c       0xac ./Core/Src/ModBusRTU.o
                0x0800115c                Modbus_init
 .text.main     0x08001208      0x660 ./Core/Src/main.o
                0x08001208                main
 .text.SystemClock_Config
                0x08001868       0x96 ./Core/Src/main.o
                0x08001868                SystemClock_Config
 *fill*         0x080018fe        0x2 
 .text.MX_ADC1_Init
                0x08001900      0x114 ./Core/Src/main.o
 .text.MX_TIM2_Init
                0x08001a14       0xa8 ./Core/Src/main.o
 .text.MX_TIM3_Init
                0x08001abc       0xf0 ./Core/Src/main.o
 .text.MX_TIM4_Init
                0x08001bac       0x9c ./Core/Src/main.o
 .text.MX_TIM5_Init
                0x08001c48       0x9c ./Core/Src/main.o
 .text.MX_TIM6_Init
                0x08001ce4       0x70 ./Core/Src/main.o
 .text.MX_TIM16_Init
                0x08001d54       0x60 ./Core/Src/main.o
 .text.MX_USART2_UART_Init
                0x08001db4       0x9c ./Core/Src/main.o
 .text.MX_DMA_Init
                0x08001e50       0x8c ./Core/Src/main.o
 .text.MX_GPIO_Init
                0x08001edc      0x21c ./Core/Src/main.o
 .text.HAL_TIM_PeriodElapsedCallback
                0x080020f8       0x34 ./Core/Src/main.o
                0x080020f8                HAL_TIM_PeriodElapsedCallback
 .text.micros   0x0800212c       0x34 ./Core/Src/main.o
                0x0800212c                micros
 .text.QEIEncoderPosVel_Update
                0x08002160      0x1ec ./Core/Src/main.o
                0x08002160                QEIEncoderPosVel_Update
 .text.HAL_GPIO_EXTI_Callback
                0x0800234c       0x40 ./Core/Src/main.o
                0x0800234c                HAL_GPIO_EXTI_Callback
 .text.checkStartMoving
                0x0800238c      0x460 ./Core/Src/main.o
                0x0800238c                checkStartMoving
 .text.createTrajectory
                0x080027ec      0x7b8 ./Core/Src/main.o
                0x080027ec                createTrajectory
 *fill*         0x08002fa4        0x4 
 .text.DriveMotor
                0x08002fa8       0xb8 ./Core/Src/main.o
                0x08002fa8                DriveMotor
 .text.SoftwareLimit
                0x08003060       0xac ./Core/Src/main.o
                0x08003060                SoftwareLimit
 .text.button_up_down_input
                0x0800310c      0x144 ./Core/Src/main.o
                0x0800310c                button_up_down_input
 .text.button_reset_input
                0x08003250       0xc8 ./Core/Src/main.o
                0x08003250                button_reset_input
 .text.button_save_position
                0x08003318       0x60 ./Core/Src/main.o
                0x08003318                button_save_position
 .text.LED_Emergency
                0x08003378       0x4c ./Core/Src/main.o
                0x08003378                LED_Emergency
 .text.Error_Handler
                0x080033c4        0xc ./Core/Src/main.o
                0x080033c4                Error_Handler
 .text.HAL_MspInit
                0x080033d0       0x48 ./Core/Src/stm32g4xx_hal_msp.o
                0x080033d0                HAL_MspInit
 .text.HAL_ADC_MspInit
                0x08003418      0x13c ./Core/Src/stm32g4xx_hal_msp.o
                0x08003418                HAL_ADC_MspInit
 .text.HAL_TIM_Encoder_MspInit
                0x08003554       0x84 ./Core/Src/stm32g4xx_hal_msp.o
                0x08003554                HAL_TIM_Encoder_MspInit
 .text.HAL_TIM_Base_MspInit
                0x080035d8      0x10c ./Core/Src/stm32g4xx_hal_msp.o
                0x080035d8                HAL_TIM_Base_MspInit
 .text.HAL_TIM_MspPostInit
                0x080036e4       0x70 ./Core/Src/stm32g4xx_hal_msp.o
                0x080036e4                HAL_TIM_MspPostInit
 .text.HAL_UART_MspInit
                0x08003754      0x178 ./Core/Src/stm32g4xx_hal_msp.o
                0x08003754                HAL_UART_MspInit
 .text.NMI_Handler
                0x080038cc        0x8 ./Core/Src/stm32g4xx_it.o
                0x080038cc                NMI_Handler
 .text.HardFault_Handler
                0x080038d4        0x8 ./Core/Src/stm32g4xx_it.o
                0x080038d4                HardFault_Handler
 .text.MemManage_Handler
                0x080038dc        0x8 ./Core/Src/stm32g4xx_it.o
                0x080038dc                MemManage_Handler
 .text.BusFault_Handler
                0x080038e4        0x8 ./Core/Src/stm32g4xx_it.o
                0x080038e4                BusFault_Handler
 .text.UsageFault_Handler
                0x080038ec        0x8 ./Core/Src/stm32g4xx_it.o
                0x080038ec                UsageFault_Handler
 .text.SVC_Handler
                0x080038f4        0xe ./Core/Src/stm32g4xx_it.o
                0x080038f4                SVC_Handler
 .text.DebugMon_Handler
                0x08003902        0xe ./Core/Src/stm32g4xx_it.o
                0x08003902                DebugMon_Handler
 .text.PendSV_Handler
                0x08003910        0xe ./Core/Src/stm32g4xx_it.o
                0x08003910                PendSV_Handler
 .text.SysTick_Handler
                0x0800391e        0xc ./Core/Src/stm32g4xx_it.o
                0x0800391e                SysTick_Handler
 *fill*         0x0800392a        0x2 
 .text.DMA1_Channel1_IRQHandler
                0x0800392c       0x14 ./Core/Src/stm32g4xx_it.o
                0x0800392c                DMA1_Channel1_IRQHandler
 .text.DMA1_Channel2_IRQHandler
                0x08003940       0x14 ./Core/Src/stm32g4xx_it.o
                0x08003940                DMA1_Channel2_IRQHandler
 .text.EXTI9_5_IRQHandler
                0x08003954       0x18 ./Core/Src/stm32g4xx_it.o
                0x08003954                EXTI9_5_IRQHandler
 .text.TIM1_UP_TIM16_IRQHandler
                0x0800396c       0x14 ./Core/Src/stm32g4xx_it.o
                0x0800396c                TIM1_UP_TIM16_IRQHandler
 .text.USART2_IRQHandler
                0x08003980       0x14 ./Core/Src/stm32g4xx_it.o
                0x08003980                USART2_IRQHandler
 .text.EXTI15_10_IRQHandler
                0x08003994       0x18 ./Core/Src/stm32g4xx_it.o
                0x08003994                EXTI15_10_IRQHandler
 .text.TIM5_IRQHandler
                0x080039ac       0x14 ./Core/Src/stm32g4xx_it.o
                0x080039ac                TIM5_IRQHandler
 .text.TIM6_DAC_IRQHandler
                0x080039c0       0x14 ./Core/Src/stm32g4xx_it.o
                0x080039c0                TIM6_DAC_IRQHandler
 .text.DMA2_Channel1_IRQHandler
                0x080039d4       0x14 ./Core/Src/stm32g4xx_it.o
                0x080039d4                DMA2_Channel1_IRQHandler
 .text.SystemInit
                0x080039e8       0x24 ./Core/Src/system_stm32g4xx.o
                0x080039e8                SystemInit
 .text.Reset_Handler
                0x08003a0c       0x50 ./Core/Startup/startup_stm32g474retx.o
                0x08003a0c                Reset_Handler
 .text.Default_Handler
                0x08003a5c        0x2 ./Core/Startup/startup_stm32g474retx.o
                0x08003a5c                RTC_Alarm_IRQHandler
                0x08003a5c                EXTI2_IRQHandler
                0x08003a5c                TIM8_TRG_COM_IRQHandler
                0x08003a5c                TIM8_CC_IRQHandler
                0x08003a5c                HRTIM1_Master_IRQHandler
                0x08003a5c                SPI4_IRQHandler
                0x08003a5c                FDCAN3_IT0_IRQHandler
                0x08003a5c                TIM1_CC_IRQHandler
                0x08003a5c                HRTIM1_FLT_IRQHandler
                0x08003a5c                HRTIM1_TIMF_IRQHandler
                0x08003a5c                USB_HP_IRQHandler
                0x08003a5c                CORDIC_IRQHandler
                0x08003a5c                HRTIM1_TIMD_IRQHandler
                0x08003a5c                DMA2_Channel8_IRQHandler
                0x08003a5c                EXTI3_IRQHandler
                0x08003a5c                I2C3_ER_IRQHandler
                0x08003a5c                EXTI0_IRQHandler
                0x08003a5c                I2C2_EV_IRQHandler
                0x08003a5c                FPU_IRQHandler
                0x08003a5c                FDCAN1_IT1_IRQHandler
                0x08003a5c                ADC1_2_IRQHandler
                0x08003a5c                HRTIM1_TIME_IRQHandler
                0x08003a5c                SPI1_IRQHandler
                0x08003a5c                HRTIM1_TIMC_IRQHandler
                0x08003a5c                TIM8_UP_IRQHandler
                0x08003a5c                DMA2_Channel2_IRQHandler
                0x08003a5c                DMA1_Channel4_IRQHandler
                0x08003a5c                TIM20_TRG_COM_IRQHandler
                0x08003a5c                USART3_IRQHandler
                0x08003a5c                DMA1_Channel7_IRQHandler
                0x08003a5c                UART5_IRQHandler
                0x08003a5c                ADC3_IRQHandler
                0x08003a5c                TIM4_IRQHandler
                0x08003a5c                QUADSPI_IRQHandler
                0x08003a5c                I2C1_EV_IRQHandler
                0x08003a5c                DMA1_Channel6_IRQHandler
                0x08003a5c                UART4_IRQHandler
                0x08003a5c                DMA2_Channel4_IRQHandler
                0x08003a5c                TIM3_IRQHandler
                0x08003a5c                RCC_IRQHandler
                0x08003a5c                TIM20_UP_IRQHandler
                0x08003a5c                Default_Handler
                0x08003a5c                DMA2_Channel7_IRQHandler
                0x08003a5c                RTC_TAMP_LSECSS_IRQHandler
                0x08003a5c                FMAC_IRQHandler
                0x08003a5c                DMA1_Channel8_IRQHandler
                0x08003a5c                HRTIM1_TIMA_IRQHandler
                0x08003a5c                TIM7_DAC_IRQHandler
                0x08003a5c                FDCAN3_IT1_IRQHandler
                0x08003a5c                UCPD1_IRQHandler
                0x08003a5c                I2C3_EV_IRQHandler
                0x08003a5c                RTC_WKUP_IRQHandler
                0x08003a5c                PVD_PVM_IRQHandler
                0x08003a5c                SPI2_IRQHandler
                0x08003a5c                ADC5_IRQHandler
                0x08003a5c                DMA2_Channel5_IRQHandler
                0x08003a5c                CRS_IRQHandler
                0x08003a5c                DMA1_Channel5_IRQHandler
                0x08003a5c                USB_LP_IRQHandler
                0x08003a5c                EXTI4_IRQHandler
                0x08003a5c                RNG_IRQHandler
                0x08003a5c                HRTIM1_TIMB_IRQHandler
                0x08003a5c                TIM1_TRG_COM_TIM17_IRQHandler
                0x08003a5c                FDCAN2_IT1_IRQHandler
                0x08003a5c                DMA1_Channel3_IRQHandler
                0x08003a5c                ADC4_IRQHandler
                0x08003a5c                WWDG_IRQHandler
                0x08003a5c                I2C4_EV_IRQHandler
                0x08003a5c                FDCAN2_IT0_IRQHandler
                0x08003a5c                LPUART1_IRQHandler
                0x08003a5c                DMA2_Channel6_IRQHandler
                0x08003a5c                FDCAN1_IT0_IRQHandler
                0x08003a5c                TIM2_IRQHandler
                0x08003a5c                COMP7_IRQHandler
                0x08003a5c                COMP1_2_3_IRQHandler
                0x08003a5c                EXTI1_IRQHandler
                0x08003a5c                COMP4_5_6_IRQHandler
                0x08003a5c                TIM20_BRK_IRQHandler
                0x08003a5c                I2C2_ER_IRQHandler
                0x08003a5c                TIM8_BRK_IRQHandler
                0x08003a5c                FLASH_IRQHandler
                0x08003a5c                TIM20_CC_IRQHandler
                0x08003a5c                USART1_IRQHandler
                0x08003a5c                SPI3_IRQHandler
                0x08003a5c                I2C1_ER_IRQHandler
                0x08003a5c                FMC_IRQHandler
                0x08003a5c                LPTIM1_IRQHandler
                0x08003a5c                DMAMUX_OVR_IRQHandler
                0x08003a5c                I2C4_ER_IRQHandler
                0x08003a5c                USBWakeUp_IRQHandler
                0x08003a5c                SAI1_IRQHandler
                0x08003a5c                DMA2_Channel3_IRQHandler
                0x08003a5c                TIM1_BRK_TIM15_IRQHandler
 .text.HAL_Init
                0x08003a5e       0x30 ./Drivers/STM32G4xx_HAL_Driver/Src/stm32g4xx_hal.o
                0x08003a5e                HAL_Init
 *fill*         0x08003a8e        0x2 
 .text.HAL_InitTick
                0x08003a90       0x74 ./Drivers/STM32G4xx_HAL_Driver/Src/stm32g4xx_hal.o
                0x08003a90                HAL_InitTick
 .text.HAL_IncTick
                0x08003b04       0x24 ./Drivers/STM32G4xx_HAL_Driver/Src/stm32g4xx_hal.o
                0x08003b04                HAL_IncTick
 .text.HAL_GetTick
                0x08003b28       0x18 ./Drivers/STM32G4xx_HAL_Driver/Src/stm32g4xx_hal.o
                0x08003b28                HAL_GetTick
 .text.HAL_Delay
                0x08003b40       0x44 ./Drivers/STM32G4xx_HAL_Driver/Src/stm32g4xx_hal.o
                0x08003b40                HAL_Delay
 .text.LL_ADC_SetCommonClock
                0x08003b84       0x26 ./Drivers/STM32G4xx_HAL_Driver/Src/stm32g4xx_hal_adc.o
 .text.LL_ADC_SetCommonPathInternalCh
                0x08003baa       0x26 ./Drivers/STM32G4xx_HAL_Driver/Src/stm32g4xx_hal_adc.o
 .text.LL_ADC_GetCommonPathInternalCh
                0x08003bd0       0x1c ./Drivers/STM32G4xx_HAL_Driver/Src/stm32g4xx_hal_adc.o
 .text.LL_ADC_SetOffset
                0x08003bec       0x48 ./Drivers/STM32G4xx_HAL_Driver/Src/stm32g4xx_hal_adc.o
 .text.LL_ADC_GetOffsetChannel
                0x08003c34       0x2c ./Drivers/STM32G4xx_HAL_Driver/Src/stm32g4xx_hal_adc.o
 .text.LL_ADC_SetOffsetState
                0x08003c60       0x36 ./Drivers/STM32G4xx_HAL_Driver/Src/stm32g4xx_hal_adc.o
 .text.LL_ADC_SetOffsetSign
                0x08003c96       0x36 ./Drivers/STM32G4xx_HAL_Driver/Src/stm32g4xx_hal_adc.o
 .text.LL_ADC_SetOffsetSaturation
                0x08003ccc       0x36 ./Drivers/STM32G4xx_HAL_Driver/Src/stm32g4xx_hal_adc.o
 .text.LL_ADC_SetSamplingTimeCommonConfig
                0x08003d02       0x26 ./Drivers/STM32G4xx_HAL_Driver/Src/stm32g4xx_hal_adc.o
 .text.LL_ADC_REG_IsTriggerSourceSWStart
                0x08003d28       0x26 ./Drivers/STM32G4xx_HAL_Driver/Src/stm32g4xx_hal_adc.o
 .text.LL_ADC_REG_SetSequencerRanks
                0x08003d4e       0x58 ./Drivers/STM32G4xx_HAL_Driver/Src/stm32g4xx_hal_adc.o
 .text.LL_ADC_SetChannelSamplingTime
                0x08003da6       0x56 ./Drivers/STM32G4xx_HAL_Driver/Src/stm32g4xx_hal_adc.o
 .text.LL_ADC_SetChannelSingleDiff
                0x08003dfc       0x48 ./Drivers/STM32G4xx_HAL_Driver/Src/stm32g4xx_hal_adc.o
 .text.LL_ADC_GetMultimode
                0x08003e44       0x1c ./Drivers/STM32G4xx_HAL_Driver/Src/stm32g4xx_hal_adc.o
 .text.LL_ADC_DisableDeepPowerDown
                0x08003e60       0x24 ./Drivers/STM32G4xx_HAL_Driver/Src/stm32g4xx_hal_adc.o
 .text.LL_ADC_IsDeepPowerDownEnabled
                0x08003e84       0x28 ./Drivers/STM32G4xx_HAL_Driver/Src/stm32g4xx_hal_adc.o
 .text.LL_ADC_EnableInternalRegulator
                0x08003eac       0x28 ./Drivers/STM32G4xx_HAL_Driver/Src/stm32g4xx_hal_adc.o
 .text.LL_ADC_IsInternalRegulatorEnabled
                0x08003ed4       0x28 ./Drivers/STM32G4xx_HAL_Driver/Src/stm32g4xx_hal_adc.o
 .text.LL_ADC_Enable
                0x08003efc       0x28 ./Drivers/STM32G4xx_HAL_Driver/Src/stm32g4xx_hal_adc.o
 .text.LL_ADC_IsEnabled
                0x08003f24       0x26 ./Drivers/STM32G4xx_HAL_Driver/Src/stm32g4xx_hal_adc.o
 .text.LL_ADC_REG_StartConversion
                0x08003f4a       0x28 ./Drivers/STM32G4xx_HAL_Driver/Src/stm32g4xx_hal_adc.o
 .text.LL_ADC_REG_IsConversionOngoing
                0x08003f72       0x26 ./Drivers/STM32G4xx_HAL_Driver/Src/stm32g4xx_hal_adc.o
 .text.LL_ADC_INJ_IsConversionOngoing
                0x08003f98       0x26 ./Drivers/STM32G4xx_HAL_Driver/Src/stm32g4xx_hal_adc.o
 *fill*         0x08003fbe        0x2 
 .text.HAL_ADC_Init
                0x08003fc0      0x378 ./Drivers/STM32G4xx_HAL_Driver/Src/stm32g4xx_hal_adc.o
                0x08003fc0                HAL_ADC_Init
 .text.HAL_ADC_Start_DMA
                0x08004338      0x1a8 ./Drivers/STM32G4xx_HAL_Driver/Src/stm32g4xx_hal_adc.o
                0x08004338                HAL_ADC_Start_DMA
 .text.HAL_ADC_ConvCpltCallback
                0x080044e0       0x14 ./Drivers/STM32G4xx_HAL_Driver/Src/stm32g4xx_hal_adc.o
                0x080044e0                HAL_ADC_ConvCpltCallback
 .text.HAL_ADC_ConvHalfCpltCallback
                0x080044f4       0x14 ./Drivers/STM32G4xx_HAL_Driver/Src/stm32g4xx_hal_adc.o
                0x080044f4                HAL_ADC_ConvHalfCpltCallback
 .text.HAL_ADC_ErrorCallback
                0x08004508       0x14 ./Drivers/STM32G4xx_HAL_Driver/Src/stm32g4xx_hal_adc.o
                0x08004508                HAL_ADC_ErrorCallback
 .text.HAL_ADC_ConfigChannel
                0x0800451c      0x880 ./Drivers/STM32G4xx_HAL_Driver/Src/stm32g4xx_hal_adc.o
                0x0800451c                HAL_ADC_ConfigChannel
 .text.ADC_Enable
                0x08004d9c      0x12c ./Drivers/STM32G4xx_HAL_Driver/Src/stm32g4xx_hal_adc.o
                0x08004d9c                ADC_Enable
 .text.ADC_DMAConvCplt
                0x08004ec8       0xd8 ./Drivers/STM32G4xx_HAL_Driver/Src/stm32g4xx_hal_adc.o
                0x08004ec8                ADC_DMAConvCplt
 .text.ADC_DMAHalfConvCplt
                0x08004fa0       0x1c ./Drivers/STM32G4xx_HAL_Driver/Src/stm32g4xx_hal_adc.o
                0x08004fa0                ADC_DMAHalfConvCplt
 .text.ADC_DMAError
                0x08004fbc       0x34 ./Drivers/STM32G4xx_HAL_Driver/Src/stm32g4xx_hal_adc.o
                0x08004fbc                ADC_DMAError
 .text.LL_ADC_IsEnabled
                0x08004ff0       0x26 ./Drivers/STM32G4xx_HAL_Driver/Src/stm32g4xx_hal_adc_ex.o
 .text.LL_ADC_REG_IsConversionOngoing
                0x08005016       0x26 ./Drivers/STM32G4xx_HAL_Driver/Src/stm32g4xx_hal_adc_ex.o
 .text.HAL_ADCEx_MultiModeConfigChannel
                0x0800503c      0x210 ./Drivers/STM32G4xx_HAL_Driver/Src/stm32g4xx_hal_adc_ex.o
                0x0800503c                HAL_ADCEx_MultiModeConfigChannel
 .text.__NVIC_SetPriorityGrouping
                0x0800524c       0x48 ./Drivers/STM32G4xx_HAL_Driver/Src/stm32g4xx_hal_cortex.o
 .text.__NVIC_GetPriorityGrouping
                0x08005294       0x1c ./Drivers/STM32G4xx_HAL_Driver/Src/stm32g4xx_hal_cortex.o
 .text.__NVIC_EnableIRQ
                0x080052b0       0x3c ./Drivers/STM32G4xx_HAL_Driver/Src/stm32g4xx_hal_cortex.o
 .text.__NVIC_SetPriority
                0x080052ec       0x54 ./Drivers/STM32G4xx_HAL_Driver/Src/stm32g4xx_hal_cortex.o
 .text.NVIC_EncodePriority
                0x08005340       0x66 ./Drivers/STM32G4xx_HAL_Driver/Src/stm32g4xx_hal_cortex.o
 *fill*         0x080053a6        0x2 
 .text.SysTick_Config
                0x080053a8       0x44 ./Drivers/STM32G4xx_HAL_Driver/Src/stm32g4xx_hal_cortex.o
 .text.HAL_NVIC_SetPriorityGrouping
                0x080053ec       0x16 ./Drivers/STM32G4xx_HAL_Driver/Src/stm32g4xx_hal_cortex.o
                0x080053ec                HAL_NVIC_SetPriorityGrouping
 .text.HAL_NVIC_SetPriority
                0x08005402       0x34 ./Drivers/STM32G4xx_HAL_Driver/Src/stm32g4xx_hal_cortex.o
                0x08005402                HAL_NVIC_SetPriority
 .text.HAL_NVIC_EnableIRQ
                0x08005436       0x1c ./Drivers/STM32G4xx_HAL_Driver/Src/stm32g4xx_hal_cortex.o
                0x08005436                HAL_NVIC_EnableIRQ
 .text.HAL_SYSTICK_Config
                0x08005452       0x18 ./Drivers/STM32G4xx_HAL_Driver/Src/stm32g4xx_hal_cortex.o
                0x08005452                HAL_SYSTICK_Config
 *fill*         0x0800546a        0x2 
 .text.HAL_DMA_Init
                0x0800546c      0x150 ./Drivers/STM32G4xx_HAL_Driver/Src/stm32g4xx_hal_dma.o
                0x0800546c                HAL_DMA_Init
 .text.HAL_DMA_Start_IT
                0x080055bc       0xf6 ./Drivers/STM32G4xx_HAL_Driver/Src/stm32g4xx_hal_dma.o
                0x080055bc                HAL_DMA_Start_IT
 .text.HAL_DMA_Abort
                0x080056b2       0xb2 ./Drivers/STM32G4xx_HAL_Driver/Src/stm32g4xx_hal_dma.o
                0x080056b2                HAL_DMA_Abort
 .text.HAL_DMA_Abort_IT
                0x08005764       0xce ./Drivers/STM32G4xx_HAL_Driver/Src/stm32g4xx_hal_dma.o
                0x08005764                HAL_DMA_Abort_IT
 .text.HAL_DMA_IRQHandler
                0x08005832      0x15e ./Drivers/STM32G4xx_HAL_Driver/Src/stm32g4xx_hal_dma.o
                0x08005832                HAL_DMA_IRQHandler
 .text.DMA_SetConfig
                0x08005990       0x7c ./Drivers/STM32G4xx_HAL_Driver/Src/stm32g4xx_hal_dma.o
 .text.DMA_CalcDMAMUXChannelBaseAndMask
                0x08005a0c       0x7c ./Drivers/STM32G4xx_HAL_Driver/Src/stm32g4xx_hal_dma.o
 .text.DMA_CalcDMAMUXRequestGenBaseAndMask
                0x08005a88       0x48 ./Drivers/STM32G4xx_HAL_Driver/Src/stm32g4xx_hal_dma.o
 .text.HAL_GPIO_Init
                0x08005ad0      0x304 ./Drivers/STM32G4xx_HAL_Driver/Src/stm32g4xx_hal_gpio.o
                0x08005ad0                HAL_GPIO_Init
 .text.HAL_GPIO_ReadPin
                0x08005dd4       0x30 ./Drivers/STM32G4xx_HAL_Driver/Src/stm32g4xx_hal_gpio.o
                0x08005dd4                HAL_GPIO_ReadPin
 .text.HAL_GPIO_WritePin
                0x08005e04       0x30 ./Drivers/STM32G4xx_HAL_Driver/Src/stm32g4xx_hal_gpio.o
                0x08005e04                HAL_GPIO_WritePin
 .text.HAL_GPIO_EXTI_IRQHandler
                0x08005e34       0x30 ./Drivers/STM32G4xx_HAL_Driver/Src/stm32g4xx_hal_gpio.o
                0x08005e34                HAL_GPIO_EXTI_IRQHandler
 .text.HAL_PWREx_ControlVoltageScaling
                0x08005e64      0x148 ./Drivers/STM32G4xx_HAL_Driver/Src/stm32g4xx_hal_pwr_ex.o
                0x08005e64                HAL_PWREx_ControlVoltageScaling
 .text.HAL_PWREx_DisableUCPDDeadBattery
                0x08005fac       0x20 ./Drivers/STM32G4xx_HAL_Driver/Src/stm32g4xx_hal_pwr_ex.o
                0x08005fac                HAL_PWREx_DisableUCPDDeadBattery
 .text.HAL_RCC_OscConfig
                0x08005fcc      0x624 ./Drivers/STM32G4xx_HAL_Driver/Src/stm32g4xx_hal_rcc.o
                0x08005fcc                HAL_RCC_OscConfig
 .text.HAL_RCC_ClockConfig
                0x080065f0      0x278 ./Drivers/STM32G4xx_HAL_Driver/Src/stm32g4xx_hal_rcc.o
                0x080065f0                HAL_RCC_ClockConfig
 .text.HAL_RCC_GetSysClockFreq
                0x08006868       0xc4 ./Drivers/STM32G4xx_HAL_Driver/Src/stm32g4xx_hal_rcc.o
                0x08006868                HAL_RCC_GetSysClockFreq
 .text.HAL_RCC_GetHCLKFreq
                0x0800692c       0x18 ./Drivers/STM32G4xx_HAL_Driver/Src/stm32g4xx_hal_rcc.o
                0x0800692c                HAL_RCC_GetHCLKFreq
 .text.HAL_RCC_GetPCLK1Freq
                0x08006944       0x2c ./Drivers/STM32G4xx_HAL_Driver/Src/stm32g4xx_hal_rcc.o
                0x08006944                HAL_RCC_GetPCLK1Freq
 .text.HAL_RCC_GetPCLK2Freq
                0x08006970       0x2c ./Drivers/STM32G4xx_HAL_Driver/Src/stm32g4xx_hal_rcc.o
                0x08006970                HAL_RCC_GetPCLK2Freq
 .text.RCC_GetSysClockFreqFromPLLSource
                0x0800699c       0x8c ./Drivers/STM32G4xx_HAL_Driver/Src/stm32g4xx_hal_rcc.o
 .text.HAL_RCCEx_PeriphCLKConfig
                0x08006a28      0x49c ./Drivers/STM32G4xx_HAL_Driver/Src/stm32g4xx_hal_rcc_ex.o
                0x08006a28                HAL_RCCEx_PeriphCLKConfig
 .text.HAL_TIM_Base_Init
                0x08006ec4       0xc8 ./Drivers/STM32G4xx_HAL_Driver/Src/stm32g4xx_hal_tim.o
                0x08006ec4                HAL_TIM_Base_Init
 .text.HAL_TIM_Base_Start
                0x08006f8c       0xe0 ./Drivers/STM32G4xx_HAL_Driver/Src/stm32g4xx_hal_tim.o
                0x08006f8c                HAL_TIM_Base_Start
 .text.HAL_TIM_Base_Start_IT
                0x0800706c       0xf0 ./Drivers/STM32G4xx_HAL_Driver/Src/stm32g4xx_hal_tim.o
                0x0800706c                HAL_TIM_Base_Start_IT
 .text.HAL_TIM_PWM_Init
                0x0800715c       0xc8 ./Drivers/STM32G4xx_HAL_Driver/Src/stm32g4xx_hal_tim.o
                0x0800715c                HAL_TIM_PWM_Init
 .text.HAL_TIM_PWM_MspInit
                0x08007224       0x14 ./Drivers/STM32G4xx_HAL_Driver/Src/stm32g4xx_hal_tim.o
                0x08007224                HAL_TIM_PWM_MspInit
 .text.HAL_TIM_PWM_Start
                0x08007238      0x224 ./Drivers/STM32G4xx_HAL_Driver/Src/stm32g4xx_hal_tim.o
                0x08007238                HAL_TIM_PWM_Start
 .text.HAL_TIM_OnePulse_Init
                0x0800745c       0xbc ./Drivers/STM32G4xx_HAL_Driver/Src/stm32g4xx_hal_tim.o
                0x0800745c                HAL_TIM_OnePulse_Init
 .text.HAL_TIM_OnePulse_MspInit
                0x08007518       0x14 ./Drivers/STM32G4xx_HAL_Driver/Src/stm32g4xx_hal_tim.o
                0x08007518                HAL_TIM_OnePulse_MspInit
 .text.HAL_TIM_OnePulse_Start_IT
                0x0800752c      0x11c ./Drivers/STM32G4xx_HAL_Driver/Src/stm32g4xx_hal_tim.o
                0x0800752c                HAL_TIM_OnePulse_Start_IT
 .text.HAL_TIM_Encoder_Init
                0x08007648      0x168 ./Drivers/STM32G4xx_HAL_Driver/Src/stm32g4xx_hal_tim.o
                0x08007648                HAL_TIM_Encoder_Init
 .text.HAL_TIM_Encoder_Start
                0x080077b0      0x11c ./Drivers/STM32G4xx_HAL_Driver/Src/stm32g4xx_hal_tim.o
                0x080077b0                HAL_TIM_Encoder_Start
 .text.HAL_TIM_IRQHandler
                0x080078cc      0x2f2 ./Drivers/STM32G4xx_HAL_Driver/Src/stm32g4xx_hal_tim.o
                0x080078cc                HAL_TIM_IRQHandler
 *fill*         0x08007bbe        0x2 
 .text.HAL_TIM_PWM_ConfigChannel
                0x08007bc0      0x228 ./Drivers/STM32G4xx_HAL_Driver/Src/stm32g4xx_hal_tim.o
                0x08007bc0                HAL_TIM_PWM_ConfigChannel
 .text.HAL_TIM_ConfigClockSource
                0x08007de8      0x22c ./Drivers/STM32G4xx_HAL_Driver/Src/stm32g4xx_hal_tim.o
                0x08007de8                HAL_TIM_ConfigClockSource
 .text.HAL_TIM_PeriodElapsedHalfCpltCallback
                0x08008014       0x14 ./Drivers/STM32G4xx_HAL_Driver/Src/stm32g4xx_hal_tim.o
                0x08008014                HAL_TIM_PeriodElapsedHalfCpltCallback
 .text.HAL_TIM_OC_DelayElapsedCallback
                0x08008028       0x14 ./Drivers/STM32G4xx_HAL_Driver/Src/stm32g4xx_hal_tim.o
                0x08008028                HAL_TIM_OC_DelayElapsedCallback
 .text.HAL_TIM_IC_CaptureCallback
                0x0800803c       0x14 ./Drivers/STM32G4xx_HAL_Driver/Src/stm32g4xx_hal_tim.o
                0x0800803c                HAL_TIM_IC_CaptureCallback
 .text.HAL_TIM_IC_CaptureHalfCpltCallback
                0x08008050       0x14 ./Drivers/STM32G4xx_HAL_Driver/Src/stm32g4xx_hal_tim.o
                0x08008050                HAL_TIM_IC_CaptureHalfCpltCallback
 .text.HAL_TIM_PWM_PulseFinishedCallback
                0x08008064       0x14 ./Drivers/STM32G4xx_HAL_Driver/Src/stm32g4xx_hal_tim.o
                0x08008064                HAL_TIM_PWM_PulseFinishedCallback
 .text.HAL_TIM_PWM_PulseFinishedHalfCpltCallback
                0x08008078       0x14 ./Drivers/STM32G4xx_HAL_Driver/Src/stm32g4xx_hal_tim.o
                0x08008078                HAL_TIM_PWM_PulseFinishedHalfCpltCallback
 .text.HAL_TIM_TriggerCallback
                0x0800808c       0x14 ./Drivers/STM32G4xx_HAL_Driver/Src/stm32g4xx_hal_tim.o
                0x0800808c                HAL_TIM_TriggerCallback
 .text.HAL_TIM_TriggerHalfCpltCallback
                0x080080a0       0x14 ./Drivers/STM32G4xx_HAL_Driver/Src/stm32g4xx_hal_tim.o
                0x080080a0                HAL_TIM_TriggerHalfCpltCallback
 .text.HAL_TIM_ErrorCallback
                0x080080b4       0x14 ./Drivers/STM32G4xx_HAL_Driver/Src/stm32g4xx_hal_tim.o
                0x080080b4                HAL_TIM_ErrorCallback
 .text.HAL_TIM_RegisterCallback
                0x080080c8      0x2c0 ./Drivers/STM32G4xx_HAL_Driver/Src/stm32g4xx_hal_tim.o
                0x080080c8                HAL_TIM_RegisterCallback
 .text.TIM_Base_SetConfig
                0x08008388      0x168 ./Drivers/STM32G4xx_HAL_Driver/Src/stm32g4xx_hal_tim.o
                0x08008388                TIM_Base_SetConfig
 .text.TIM_OC1_SetConfig
                0x080084f0      0x134 ./Drivers/STM32G4xx_HAL_Driver/Src/stm32g4xx_hal_tim.o
 .text.TIM_OC2_SetConfig
                0x08008624      0x128 ./Drivers/STM32G4xx_HAL_Driver/Src/stm32g4xx_hal_tim.o
                0x08008624                TIM_OC2_SetConfig
 .text.TIM_OC3_SetConfig
                0x0800874c      0x124 ./Drivers/STM32G4xx_HAL_Driver/Src/stm32g4xx_hal_tim.o
 .text.TIM_OC4_SetConfig
                0x08008870      0x128 ./Drivers/STM32G4xx_HAL_Driver/Src/stm32g4xx_hal_tim.o
 .text.TIM_OC5_SetConfig
                0x08008998       0xd4 ./Drivers/STM32G4xx_HAL_Driver/Src/stm32g4xx_hal_tim.o
 .text.TIM_OC6_SetConfig
                0x08008a6c       0xd8 ./Drivers/STM32G4xx_HAL_Driver/Src/stm32g4xx_hal_tim.o
 .text.TIM_TI1_ConfigInputStage
                0x08008b44       0x5e ./Drivers/STM32G4xx_HAL_Driver/Src/stm32g4xx_hal_tim.o
 .text.TIM_TI2_ConfigInputStage
                0x08008ba2       0x60 ./Drivers/STM32G4xx_HAL_Driver/Src/stm32g4xx_hal_tim.o
 .text.TIM_ITRx_SetConfig
                0x08008c02       0x3a ./Drivers/STM32G4xx_HAL_Driver/Src/stm32g4xx_hal_tim.o
 .text.TIM_ETR_SetConfig
                0x08008c3c       0x40 ./Drivers/STM32G4xx_HAL_Driver/Src/stm32g4xx_hal_tim.o
                0x08008c3c                TIM_ETR_SetConfig
 .text.TIM_CCxChannelCmd
                0x08008c7c       0x4a ./Drivers/STM32G4xx_HAL_Driver/Src/stm32g4xx_hal_tim.o
                0x08008c7c                TIM_CCxChannelCmd
 *fill*         0x08008cc6        0x2 
 .text.TIM_ResetCallback
                0x08008cc8       0xec ./Drivers/STM32G4xx_HAL_Driver/Src/stm32g4xx_hal_tim.o
                0x08008cc8                TIM_ResetCallback
 .text.HAL_TIMEx_MasterConfigSynchronization
                0x08008db4      0x12c ./Drivers/STM32G4xx_HAL_Driver/Src/stm32g4xx_hal_tim_ex.o
                0x08008db4                HAL_TIMEx_MasterConfigSynchronization
 .text.HAL_TIMEx_CommutCallback
                0x08008ee0       0x14 ./Drivers/STM32G4xx_HAL_Driver/Src/stm32g4xx_hal_tim_ex.o
                0x08008ee0                HAL_TIMEx_CommutCallback
 .text.HAL_TIMEx_CommutHalfCpltCallback
                0x08008ef4       0x14 ./Drivers/STM32G4xx_HAL_Driver/Src/stm32g4xx_hal_tim_ex.o
                0x08008ef4                HAL_TIMEx_CommutHalfCpltCallback
 .text.HAL_TIMEx_BreakCallback
                0x08008f08       0x14 ./Drivers/STM32G4xx_HAL_Driver/Src/stm32g4xx_hal_tim_ex.o
                0x08008f08                HAL_TIMEx_BreakCallback
 .text.HAL_TIMEx_Break2Callback
                0x08008f1c       0x14 ./Drivers/STM32G4xx_HAL_Driver/Src/stm32g4xx_hal_tim_ex.o
                0x08008f1c                HAL_TIMEx_Break2Callback
 .text.HAL_TIMEx_EncoderIndexCallback
                0x08008f30       0x14 ./Drivers/STM32G4xx_HAL_Driver/Src/stm32g4xx_hal_tim_ex.o
                0x08008f30                HAL_TIMEx_EncoderIndexCallback
 .text.HAL_TIMEx_DirectionChangeCallback
                0x08008f44       0x14 ./Drivers/STM32G4xx_HAL_Driver/Src/stm32g4xx_hal_tim_ex.o
                0x08008f44                HAL_TIMEx_DirectionChangeCallback
 .text.HAL_TIMEx_IndexErrorCallback
                0x08008f58       0x14 ./Drivers/STM32G4xx_HAL_Driver/Src/stm32g4xx_hal_tim_ex.o
                0x08008f58                HAL_TIMEx_IndexErrorCallback
 .text.HAL_TIMEx_TransitionErrorCallback
                0x08008f6c       0x14 ./Drivers/STM32G4xx_HAL_Driver/Src/stm32g4xx_hal_tim_ex.o
                0x08008f6c                HAL_TIMEx_TransitionErrorCallback
 .text.HAL_UART_Init
                0x08008f80       0xc0 ./Drivers/STM32G4xx_HAL_Driver/Src/stm32g4xx_hal_uart.o
                0x08008f80                HAL_UART_Init
 .text.HAL_UART_RegisterCallback
                0x08009040      0x174 ./Drivers/STM32G4xx_HAL_Driver/Src/stm32g4xx_hal_uart.o
                0x08009040                HAL_UART_RegisterCallback
 .text.HAL_UART_Receive_DMA
                0x080091b4       0x98 ./Drivers/STM32G4xx_HAL_Driver/Src/stm32g4xx_hal_uart.o
                0x080091b4                HAL_UART_Receive_DMA
 .text.HAL_UART_IRQHandler
                0x0800924c      0x668 ./Drivers/STM32G4xx_HAL_Driver/Src/stm32g4xx_hal_uart.o
                0x0800924c                HAL_UART_IRQHandler
 .text.HAL_UART_TxCpltCallback
                0x080098b4       0x14 ./Drivers/STM32G4xx_HAL_Driver/Src/stm32g4xx_hal_uart.o
                0x080098b4                HAL_UART_TxCpltCallback
 .text.HAL_UART_TxHalfCpltCallback
                0x080098c8       0x14 ./Drivers/STM32G4xx_HAL_Driver/Src/stm32g4xx_hal_uart.o
                0x080098c8                HAL_UART_TxHalfCpltCallback
 .text.HAL_UART_RxCpltCallback
                0x080098dc       0x14 ./Drivers/STM32G4xx_HAL_Driver/Src/stm32g4xx_hal_uart.o
                0x080098dc                HAL_UART_RxCpltCallback
 .text.HAL_UART_RxHalfCpltCallback
                0x080098f0       0x14 ./Drivers/STM32G4xx_HAL_Driver/Src/stm32g4xx_hal_uart.o
                0x080098f0                HAL_UART_RxHalfCpltCallback
 .text.HAL_UART_ErrorCallback
                0x08009904       0x14 ./Drivers/STM32G4xx_HAL_Driver/Src/stm32g4xx_hal_uart.o
                0x08009904                HAL_UART_ErrorCallback
 .text.HAL_UART_AbortCpltCallback
                0x08009918       0x14 ./Drivers/STM32G4xx_HAL_Driver/Src/stm32g4xx_hal_uart.o
                0x08009918                HAL_UART_AbortCpltCallback
 .text.HAL_UART_AbortTransmitCpltCallback
                0x0800992c       0x14 ./Drivers/STM32G4xx_HAL_Driver/Src/stm32g4xx_hal_uart.o
                0x0800992c                HAL_UART_AbortTransmitCpltCallback
 .text.HAL_UART_AbortReceiveCpltCallback
                0x08009940       0x14 ./Drivers/STM32G4xx_HAL_Driver/Src/stm32g4xx_hal_uart.o
                0x08009940                HAL_UART_AbortReceiveCpltCallback
 .text.HAL_UARTEx_RxEventCallback
                0x08009954       0x18 ./Drivers/STM32G4xx_HAL_Driver/Src/stm32g4xx_hal_uart.o
                0x08009954                HAL_UARTEx_RxEventCallback
 .text.HAL_UART_ReceiverTimeout_Config
                0x0800996c       0x38 ./Drivers/STM32G4xx_HAL_Driver/Src/stm32g4xx_hal_uart.o
                0x0800996c                HAL_UART_ReceiverTimeout_Config
 .text.HAL_UART_EnableReceiverTimeout
                0x080099a4       0x74 ./Drivers/STM32G4xx_HAL_Driver/Src/stm32g4xx_hal_uart.o
                0x080099a4                HAL_UART_EnableReceiverTimeout
 .text.HAL_UART_GetError
                0x08009a18       0x1a ./Drivers/STM32G4xx_HAL_Driver/Src/stm32g4xx_hal_uart.o
                0x08009a18                HAL_UART_GetError
 *fill*         0x08009a32        0x2 
 .text.UART_InitCallbacksToDefault
                0x08009a34       0xa4 ./Drivers/STM32G4xx_HAL_Driver/Src/stm32g4xx_hal_uart.o
                0x08009a34                UART_InitCallbacksToDefault
 .text.UART_SetConfig
                0x08009ad8      0x5f8 ./Drivers/STM32G4xx_HAL_Driver/Src/stm32g4xx_hal_uart.o
                0x08009ad8                UART_SetConfig
 .text.UART_AdvFeatureConfig
                0x0800a0d0      0x144 ./Drivers/STM32G4xx_HAL_Driver/Src/stm32g4xx_hal_uart.o
                0x0800a0d0                UART_AdvFeatureConfig
 .text.UART_CheckIdleState
                0x0800a214      0x154 ./Drivers/STM32G4xx_HAL_Driver/Src/stm32g4xx_hal_uart.o
                0x0800a214                UART_CheckIdleState
 .text.UART_WaitOnFlagUntilTimeout
                0x0800a368       0xda ./Drivers/STM32G4xx_HAL_Driver/Src/stm32g4xx_hal_uart.o
                0x0800a368                UART_WaitOnFlagUntilTimeout
 *fill*         0x0800a442        0x2 
 .text.UART_Start_Receive_DMA
                0x0800a444      0x14c ./Drivers/STM32G4xx_HAL_Driver/Src/stm32g4xx_hal_uart.o
                0x0800a444                UART_Start_Receive_DMA
 .text.UART_EndTxTransfer
                0x0800a590       0x82 ./Drivers/STM32G4xx_HAL_Driver/Src/stm32g4xx_hal_uart.o
 .text.UART_EndRxTransfer
                0x0800a612       0xcc ./Drivers/STM32G4xx_HAL_Driver/Src/stm32g4xx_hal_uart.o
 .text.UART_DMAReceiveCplt
                0x0800a6de      0x134 ./Drivers/STM32G4xx_HAL_Driver/Src/stm32g4xx_hal_uart.o
 .text.UART_DMARxHalfCplt
                0x0800a812       0x46 ./Drivers/STM32G4xx_HAL_Driver/Src/stm32g4xx_hal_uart.o
 .text.UART_DMAError
                0x0800a858       0x84 ./Drivers/STM32G4xx_HAL_Driver/Src/stm32g4xx_hal_uart.o
 .text.UART_DMAAbortOnError
                0x0800a8dc       0x30 ./Drivers/STM32G4xx_HAL_Driver/Src/stm32g4xx_hal_uart.o
 .text.UART_EndTransmit_IT
                0x0800a90c       0x5a ./Drivers/STM32G4xx_HAL_Driver/Src/stm32g4xx_hal_uart.o
 .text.HAL_UARTEx_WakeupCallback
                0x0800a966       0x14 ./Drivers/STM32G4xx_HAL_Driver/Src/stm32g4xx_hal_uart_ex.o
                0x0800a966                HAL_UARTEx_WakeupCallback
 .text.HAL_UARTEx_RxFifoFullCallback
                0x0800a97a       0x14 ./Drivers/STM32G4xx_HAL_Driver/Src/stm32g4xx_hal_uart_ex.o
                0x0800a97a                HAL_UARTEx_RxFifoFullCallback
 .text.HAL_UARTEx_TxFifoEmptyCallback
                0x0800a98e       0x14 ./Drivers/STM32G4xx_HAL_Driver/Src/stm32g4xx_hal_uart_ex.o
                0x0800a98e                HAL_UARTEx_TxFifoEmptyCallback
 .text.HAL_UARTEx_DisableFifoMode
                0x0800a9a2       0x72 ./Drivers/STM32G4xx_HAL_Driver/Src/stm32g4xx_hal_uart_ex.o
                0x0800a9a2                HAL_UARTEx_DisableFifoMode
 .text.HAL_UARTEx_SetTxFifoThreshold
                0x0800aa14       0x7c ./Drivers/STM32G4xx_HAL_Driver/Src/stm32g4xx_hal_uart_ex.o
                0x0800aa14                HAL_UARTEx_SetTxFifoThreshold
 .text.HAL_UARTEx_SetRxFifoThreshold
                0x0800aa90       0x7c ./Drivers/STM32G4xx_HAL_Driver/Src/stm32g4xx_hal_uart_ex.o
                0x0800aa90                HAL_UARTEx_SetRxFifoThreshold
 .text.UARTEx_SetNbDataToProcess
                0x0800ab0c       0x9c ./Drivers/STM32G4xx_HAL_Driver/Src/stm32g4xx_hal_uart_ex.o
 .text.arm_pid_init_f32
                0x0800aba8       0x6c ./Middlewares/Third_Party/ARM_CMSIS/Source/ControllerFunctions/ControllerFunctions.o
                0x0800aba8                arm_pid_init_f32
 .text.memset   0x0800ac14       0x10 E:/stm cube/STM32CubeIDE_1.13.2/STM32CubeIDE/plugins/com.st.stm32cube.ide.mcu.externaltools.gnu-tools-for-stm32.12.3.rel1.win32_1.0.100.202403111256/tools/bin/../lib/gcc/arm-none-eabi/12.3.1/../../../../arm-none-eabi/lib/thumb/v7e-m+fp/hard\libc_nano.a(libc_a-memset.o)
                0x0800ac14                memset
 .text.__errno  0x0800ac24        0xc E:/stm cube/STM32CubeIDE_1.13.2/STM32CubeIDE/plugins/com.st.stm32cube.ide.mcu.externaltools.gnu-tools-for-stm32.12.3.rel1.win32_1.0.100.202403111256/tools/bin/../lib/gcc/arm-none-eabi/12.3.1/../../../../arm-none-eabi/lib/thumb/v7e-m+fp/hard\libc_nano.a(libc_a-errno.o)
                0x0800ac24                __errno
 .text.__libc_init_array
                0x0800ac30       0x48 E:/stm cube/STM32CubeIDE_1.13.2/STM32CubeIDE/plugins/com.st.stm32cube.ide.mcu.externaltools.gnu-tools-for-stm32.12.3.rel1.win32_1.0.100.202403111256/tools/bin/../lib/gcc/arm-none-eabi/12.3.1/../../../../arm-none-eabi/lib/thumb/v7e-m+fp/hard\libc_nano.a(libc_a-init.o)
                0x0800ac30                __libc_init_array
 .text.sqrt     0x0800ac78       0x58 E:/stm cube/STM32CubeIDE_1.13.2/STM32CubeIDE/plugins/com.st.stm32cube.ide.mcu.externaltools.gnu-tools-for-stm32.12.3.rel1.win32_1.0.100.202403111256/tools/bin/../lib/gcc/arm-none-eabi/12.3.1/../../../../arm-none-eabi/lib/thumb/v7e-m+fp/hard\libm.a(libm_a-w_sqrt.o)
                0x0800ac78                sqrt
 .text.__ieee754_sqrt
                0x0800acd0      0x1b4 E:/stm cube/STM32CubeIDE_1.13.2/STM32CubeIDE/plugins/com.st.stm32cube.ide.mcu.externaltools.gnu-tools-for-stm32.12.3.rel1.win32_1.0.100.202403111256/tools/bin/../lib/gcc/arm-none-eabi/12.3.1/../../../../arm-none-eabi/lib/thumb/v7e-m+fp/hard\libm.a(libm_a-e_sqrt.o)
                0x0800acd0                __ieee754_sqrt
 *(.glue_7)
 .glue_7        0x0800ae84        0x0 linker stubs
 *(.glue_7t)
 .glue_7t       0x0800ae84        0x0 linker stubs
 *(.eh_frame)
 .eh_frame      0x0800ae84        0x0 E:/stm cube/STM32CubeIDE_1.13.2/STM32CubeIDE/plugins/com.st.stm32cube.ide.mcu.externaltools.gnu-tools-for-stm32.12.3.rel1.win32_1.0.100.202403111256/tools/bin/../lib/gcc/arm-none-eabi/12.3.1/thumb/v7e-m+fp/hard/crtbegin.o
 *(.init)
 .init          0x0800ae84        0x4 E:/stm cube/STM32CubeIDE_1.13.2/STM32CubeIDE/plugins/com.st.stm32cube.ide.mcu.externaltools.gnu-tools-for-stm32.12.3.rel1.win32_1.0.100.202403111256/tools/bin/../lib/gcc/arm-none-eabi/12.3.1/thumb/v7e-m+fp/hard/crti.o
                0x0800ae84                _init
 .init          0x0800ae88        0x8 E:/stm cube/STM32CubeIDE_1.13.2/STM32CubeIDE/plugins/com.st.stm32cube.ide.mcu.externaltools.gnu-tools-for-stm32.12.3.rel1.win32_1.0.100.202403111256/tools/bin/../lib/gcc/arm-none-eabi/12.3.1/thumb/v7e-m+fp/hard/crtn.o
 *(.fini)
 .fini          0x0800ae90        0x4 E:/stm cube/STM32CubeIDE_1.13.2/STM32CubeIDE/plugins/com.st.stm32cube.ide.mcu.externaltools.gnu-tools-for-stm32.12.3.rel1.win32_1.0.100.202403111256/tools/bin/../lib/gcc/arm-none-eabi/12.3.1/thumb/v7e-m+fp/hard/crti.o
                0x0800ae90                _fini
 .fini          0x0800ae94        0x8 E:/stm cube/STM32CubeIDE_1.13.2/STM32CubeIDE/plugins/com.st.stm32cube.ide.mcu.externaltools.gnu-tools-for-stm32.12.3.rel1.win32_1.0.100.202403111256/tools/bin/../lib/gcc/arm-none-eabi/12.3.1/thumb/v7e-m+fp/hard/crtn.o
                0x0800ae9c                        . = ALIGN (0x4)
                0x0800ae9c                        _etext = .

.vfp11_veneer   0x0800ae9c        0x0
 .vfp11_veneer  0x0800ae9c        0x0 linker stubs

.v4_bx          0x0800ae9c        0x0
 .v4_bx         0x0800ae9c        0x0 linker stubs

.iplt           0x0800ae9c        0x0
 .iplt          0x0800ae9c        0x0 E:/stm cube/STM32CubeIDE_1.13.2/STM32CubeIDE/plugins/com.st.stm32cube.ide.mcu.externaltools.gnu-tools-for-stm32.12.3.rel1.win32_1.0.100.202403111256/tools/bin/../lib/gcc/arm-none-eabi/12.3.1/thumb/v7e-m+fp/hard/crtbegin.o

.rodata         0x0800ae9c       0x40
                0x0800ae9c                        . = ALIGN (0x4)
 *(.rodata)
 *(.rodata*)
 .rodata.AHBPrescTable
                0x0800ae9c       0x10 ./Core/Src/system_stm32g4xx.o
                0x0800ae9c                AHBPrescTable
 .rodata.APBPrescTable
                0x0800aeac        0x8 ./Core/Src/system_stm32g4xx.o
                0x0800aeac                APBPrescTable
 .rodata.UARTPrescTable
                0x0800aeb4       0x18 ./Drivers/STM32G4xx_HAL_Driver/Src/stm32g4xx_hal_uart.o
                0x0800aeb4                UARTPrescTable
 .rodata.numerator.1
                0x0800aecc        0x8 ./Drivers/STM32G4xx_HAL_Driver/Src/stm32g4xx_hal_uart_ex.o
 .rodata.denominator.0
                0x0800aed4        0x8 ./Drivers/STM32G4xx_HAL_Driver/Src/stm32g4xx_hal_uart_ex.o
                0x0800aedc                        . = ALIGN (0x4)

.ARM.extab      0x0800aedc        0x0
                0x0800aedc                        . = ALIGN (0x4)
 *(.ARM.extab* .gnu.linkonce.armextab.*)
                0x0800aedc                        . = ALIGN (0x4)

.ARM            0x0800aedc        0x8
                0x0800aedc                        . = ALIGN (0x4)
                0x0800aedc                        __exidx_start = .
 *(.ARM.exidx*)
 .ARM.exidx     0x0800aedc        0x8 E:/stm cube/STM32CubeIDE_1.13.2/STM32CubeIDE/plugins/com.st.stm32cube.ide.mcu.externaltools.gnu-tools-for-stm32.12.3.rel1.win32_1.0.100.202403111256/tools/bin/../lib/gcc/arm-none-eabi/12.3.1/thumb/v7e-m+fp/hard\libgcc.a(_udivmoddi4.o)
                0x0800aee4                        __exidx_end = .
                0x0800aee4                        . = ALIGN (0x4)

.rel.dyn        0x0800aee4        0x0
 .rel.iplt      0x0800aee4        0x0 E:/stm cube/STM32CubeIDE_1.13.2/STM32CubeIDE/plugins/com.st.stm32cube.ide.mcu.externaltools.gnu-tools-for-stm32.12.3.rel1.win32_1.0.100.202403111256/tools/bin/../lib/gcc/arm-none-eabi/12.3.1/thumb/v7e-m+fp/hard/crtbegin.o

.preinit_array  0x0800aee4        0x0
                0x0800aee4                        . = ALIGN (0x4)
                0x0800aee4                        PROVIDE (__preinit_array_start = .)
 *(.preinit_array*)
                0x0800aee4                        PROVIDE (__preinit_array_end = .)
                0x0800aee4                        . = ALIGN (0x4)

.init_array     0x0800aee4        0x4
                0x0800aee4                        . = ALIGN (0x4)
                0x0800aee4                        PROVIDE (__init_array_start = .)
 *(SORT_BY_NAME(.init_array.*))
 *(.init_array*)
 .init_array    0x0800aee4        0x4 E:/stm cube/STM32CubeIDE_1.13.2/STM32CubeIDE/plugins/com.st.stm32cube.ide.mcu.externaltools.gnu-tools-for-stm32.12.3.rel1.win32_1.0.100.202403111256/tools/bin/../lib/gcc/arm-none-eabi/12.3.1/thumb/v7e-m+fp/hard/crtbegin.o
                0x0800aee8                        PROVIDE (__init_array_end = .)
                0x0800aee8                        . = ALIGN (0x4)

.fini_array     0x0800aee8        0x4
                0x0800aee8                        . = ALIGN (0x4)
                [!provide]                        PROVIDE (__fini_array_start = .)
 *(SORT_BY_NAME(.fini_array.*))
 *(.fini_array*)
 .fini_array    0x0800aee8        0x4 E:/stm cube/STM32CubeIDE_1.13.2/STM32CubeIDE/plugins/com.st.stm32cube.ide.mcu.externaltools.gnu-tools-for-stm32.12.3.rel1.win32_1.0.100.202403111256/tools/bin/../lib/gcc/arm-none-eabi/12.3.1/thumb/v7e-m+fp/hard/crtbegin.o
                [!provide]                        PROVIDE (__fini_array_end = .)
                0x0800aeec                        . = ALIGN (0x4)
                0x0800aeec                        _sidata = LOADADDR (.data)

.data           0x20000000       0x88 load address 0x0800aeec
                0x20000000                        . = ALIGN (0x4)
                0x20000000                        _sdata = .
 *(.data)
 *(.data*)
 .data.mode     0x20000000        0x1 ./Core/Src/main.o
                0x20000000                mode
 *fill*         0x20000001        0x3 
 .data.duty_cycle
                0x20000004        0x4 ./Core/Src/main.o
                0x20000004                duty_cycle
 .data.q_d_max  0x20000008        0x4 ./Core/Src/main.o
                0x20000008                q_d_max
 .data.q_2d_max
                0x2000000c        0x4 ./Core/Src/main.o
                0x2000000c                q_2d_max
 .data.calmode  0x20000010        0x1 ./Core/Src/main.o
                0x20000010                calmode
 *fill*         0x20000011        0x3 
 .data.dir      0x20000014        0x4 ./Core/Src/main.o
                0x20000014                dir
 .data.SystemCoreClock
                0x20000018        0x4 ./Core/Src/system_stm32g4xx.o
                0x20000018                SystemCoreClock
 .data.uwTickPrio
                0x2000001c        0x4 ./Drivers/STM32G4xx_HAL_Driver/Src/stm32g4xx_hal.o
                0x2000001c                uwTickPrio
 .data.uwTickFreq
                0x20000020        0x4 ./Drivers/STM32G4xx_HAL_Driver/Src/stm32g4xx_hal.o
                0x20000020                uwTickFreq
 .data._impure_ptr
                0x20000024        0x4 E:/stm cube/STM32CubeIDE_1.13.2/STM32CubeIDE/plugins/com.st.stm32cube.ide.mcu.externaltools.gnu-tools-for-stm32.12.3.rel1.win32_1.0.100.202403111256/tools/bin/../lib/gcc/arm-none-eabi/12.3.1/../../../../arm-none-eabi/lib/thumb/v7e-m+fp/hard\libc_nano.a(libc_a-impure.o)
                0x20000024                _impure_ptr
 .data._impure_data
                0x20000028       0x4c E:/stm cube/STM32CubeIDE_1.13.2/STM32CubeIDE/plugins/com.st.stm32cube.ide.mcu.externaltools.gnu-tools-for-stm32.12.3.rel1.win32_1.0.100.202403111256/tools/bin/../lib/gcc/arm-none-eabi/12.3.1/../../../../arm-none-eabi/lib/thumb/v7e-m+fp/hard\libc_nano.a(libc_a-impure.o)
                0x20000028                _impure_data
 *fill*         0x20000074        0x4 
 .data.tiny     0x20000078        0x8 E:/stm cube/STM32CubeIDE_1.13.2/STM32CubeIDE/plugins/com.st.stm32cube.ide.mcu.externaltools.gnu-tools-for-stm32.12.3.rel1.win32_1.0.100.202403111256/tools/bin/../lib/gcc/arm-none-eabi/12.3.1/../../../../arm-none-eabi/lib/thumb/v7e-m+fp/hard\libm.a(libm_a-e_sqrt.o)
 .data.one      0x20000080        0x8 E:/stm cube/STM32CubeIDE_1.13.2/STM32CubeIDE/plugins/com.st.stm32cube.ide.mcu.externaltools.gnu-tools-for-stm32.12.3.rel1.win32_1.0.100.202403111256/tools/bin/../lib/gcc/arm-none-eabi/12.3.1/../../../../arm-none-eabi/lib/thumb/v7e-m+fp/hard\libm.a(libm_a-e_sqrt.o)
 *(.RamFunc)
 *(.RamFunc*)
                0x20000088                        . = ALIGN (0x4)
                0x20000088                        _edata = .

.igot.plt       0x20000088        0x0 load address 0x0800af74
 .igot.plt      0x20000088        0x0 E:/stm cube/STM32CubeIDE_1.13.2/STM32CubeIDE/plugins/com.st.stm32cube.ide.mcu.externaltools.gnu-tools-for-stm32.12.3.rel1.win32_1.0.100.202403111256/tools/bin/../lib/gcc/arm-none-eabi/12.3.1/thumb/v7e-m+fp/hard/crtbegin.o
                0x20000088                        . = ALIGN (0x4)

.bss            0x20000088     0x1024 load address 0x0800af74
                0x20000088                        _sbss = .
                0x20000088                        __bss_start__ = _sbss
 *(.bss)
 .bss           0x20000088       0x1c E:/stm cube/STM32CubeIDE_1.13.2/STM32CubeIDE/plugins/com.st.stm32cube.ide.mcu.externaltools.gnu-tools-for-stm32.12.3.rel1.win32_1.0.100.202403111256/tools/bin/../lib/gcc/arm-none-eabi/12.3.1/thumb/v7e-m+fp/hard/crtbegin.o
 *(.bss*)
 .bss.hModbus   0x200000a4        0x4 ./Core/Src/ModBusRTU.o
                0x200000a4                hModbus
 .bss.hadc1     0x200000a8       0x6c ./Core/Src/main.o
                0x200000a8                hadc1
 .bss.hdma_adc1
                0x20000114       0x60 ./Core/Src/main.o
                0x20000114                hdma_adc1
 .bss.htim2     0x20000174       0xcc ./Core/Src/main.o
                0x20000174                htim2
 .bss.htim3     0x20000240       0xcc ./Core/Src/main.o
                0x20000240                htim3
 .bss.htim4     0x2000030c       0xcc ./Core/Src/main.o
                0x2000030c                htim4
 .bss.htim5     0x200003d8       0xcc ./Core/Src/main.o
                0x200003d8                htim5
 .bss.htim6     0x200004a4       0xcc ./Core/Src/main.o
                0x200004a4                htim6
 .bss.htim16    0x20000570       0xcc ./Core/Src/main.o
                0x20000570                htim16
 .bss.huart2    0x2000063c       0xcc ./Core/Src/main.o
                0x2000063c                huart2
 .bss.hdma_usart2_tx
                0x20000708       0x60 ./Core/Src/main.o
                0x20000708                hdma_usart2_tx
 .bss.hdma_usart2_rx
                0x20000768       0x60 ./Core/Src/main.o
                0x20000768                hdma_usart2_rx
 .bss.QEIdata   0x200007c8       0x40 ./Core/Src/main.o
                0x200007c8                QEIdata
 .bss._micros   0x20000808        0x8 ./Core/Src/main.o
                0x20000808                _micros
 .bss.ADCBuffer
                0x20000810        0x4 ./Core/Src/main.o
                0x20000810                ADCBuffer
 .bss.set_manual_point
                0x20000814        0x4 ./Core/Src/main.o
                0x20000814                set_manual_point
 .bss.check_up  0x20000818        0x1 ./Core/Src/main.o
                0x20000818                check_up
 .bss.check_down
                0x20000819        0x1 ./Core/Src/main.o
                0x20000819                check_down
 *fill*         0x2000081a        0x2 
 .bss.Vin       0x2000081c        0x4 ./Core/Src/main.o
                0x2000081c                Vin
 .bss.q_d_i     0x20000820        0x4 ./Core/Src/main.o
                0x20000820                q_d_i
 .bss.q_f       0x20000824        0x4 ./Core/Src/main.o
                0x20000824                q_f
 .bss.q_i       0x20000828        0x4 ./Core/Src/main.o
                0x20000828                q_i
 .bss.delta_q   0x2000082c        0x4 ./Core/Src/main.o
                0x2000082c                delta_q
 .bss.ref_p     0x20000830        0x4 ./Core/Src/main.o
                0x20000830                ref_p
 .bss.ref_v     0x20000834        0x4 ./Core/Src/main.o
                0x20000834                ref_v
 .bss.ref_a     0x20000838        0x4 ./Core/Src/main.o
                0x20000838                ref_a
 .bss.q_f_old   0x2000083c        0x4 ./Core/Src/main.o
                0x2000083c                q_f_old
 .bss.t_acc     0x20000840        0x4 ./Core/Src/main.o
                0x20000840                t_acc
 .bss.q_acc     0x20000844        0x4 ./Core/Src/main.o
                0x20000844                q_acc
 .bss.t_const   0x20000848        0x4 ./Core/Src/main.o
                0x20000848                t_const
 .bss.q_const   0x2000084c        0x4 ./Core/Src/main.o
                0x2000084c                q_const
 .bss.q_d_acc   0x20000850        0x4 ./Core/Src/main.o
                0x20000850                q_d_acc
 *fill*         0x20000854        0x4 
 .bss.T_start   0x20000858        0x8 ./Core/Src/main.o
                0x20000858                T_start
 .bss.t         0x20000860        0x4 ./Core/Src/main.o
                0x20000860                t
 .bss.total_t   0x20000864        0x4 ./Core/Src/main.o
                0x20000864                total_t
 .bss.B_up      0x20000868        0x1 ./Core/Src/main.o
                0x20000868                B_up
 .bss.B_down    0x20000869        0x1 ./Core/Src/main.o
                0x20000869                B_down
 .bss.B_reset   0x2000086a        0x1 ./Core/Src/main.o
                0x2000086a                B_reset
 .bss.B_save    0x2000086b        0x1 ./Core/Src/main.o
                0x2000086b                B_save
 .bss.count_save
                0x2000086c        0x1 ./Core/Src/main.o
                0x2000086c                count_save
 *fill*         0x2000086d        0x3 
 .bss.shelves_pos
                0x20000870       0x18 ./Core/Src/main.o
                0x20000870                shelves_pos
 .bss.PID1      0x20000888       0x24 ./Core/Src/main.o
                0x20000888                PID1
 .bss.PID2      0x200008ac       0x24 ./Core/Src/main.o
                0x200008ac                PID2
 .bss.setPosition
                0x200008d0        0x4 ./Core/Src/main.o
                0x200008d0                setPosition
 .bss.setVelocity
                0x200008d4        0x4 ./Core/Src/main.o
                0x200008d4                setVelocity
 .bss.max_velo  0x200008d8        0x4 ./Core/Src/main.o
                0x200008d8                max_velo
 .bss.S_top     0x200008dc        0x4 ./Core/Src/main.o
                0x200008dc                S_top
 .bss.S_down    0x200008e0        0x4 ./Core/Src/main.o
                0x200008e0                S_down
 .bss.check_state_B
                0x200008e4        0x4 ./Core/Src/main.o
                0x200008e4                check_state_B
 .bss.hmodbus   0x200008e8      0x4d8 ./Core/Src/main.o
                0x200008e8                hmodbus
 .bss.registerFrame
                0x20000dc0      0x190 ./Core/Src/main.o
                0x20000dc0                registerFrame
 .bss.check     0x20000f50        0x4 ./Core/Src/main.o
                0x20000f50                check
 .bss.set_Home_state
                0x20000f54        0x4 ./Core/Src/main.o
                0x20000f54                set_Home_state
 .bss.Home_state_triger
                0x20000f58        0x4 ./Core/Src/main.o
                0x20000f58                Home_state_triger
 *fill*         0x20000f5c        0x4 
 .bss.timestamp2.1
                0x20000f60        0x8 ./Core/Src/main.o
 .bss.timestamp.0
                0x20000f68        0x8 ./Core/Src/main.o
 .bss.uwTick    0x20000f70        0x4 ./Drivers/STM32G4xx_HAL_Driver/Src/stm32g4xx_hal.o
                0x20000f70                uwTick
 .bss.__sf      0x20000f74      0x138 E:/stm cube/STM32CubeIDE_1.13.2/STM32CubeIDE/plugins/com.st.stm32cube.ide.mcu.externaltools.gnu-tools-for-stm32.12.3.rel1.win32_1.0.100.202403111256/tools/bin/../lib/gcc/arm-none-eabi/12.3.1/../../../../arm-none-eabi/lib/thumb/v7e-m+fp/hard\libc_nano.a(libc_a-findfp.o)
                0x20000f74                __sf
 *(COMMON)
                0x200010ac                        . = ALIGN (0x4)
                0x200010ac                        _ebss = .
                0x200010ac                        __bss_end__ = _ebss

._user_heap_stack
                0x200010ac      0x604 load address 0x0800af74
                0x200010b0                        . = ALIGN (0x8)
 *fill*         0x200010ac        0x4 
                [!provide]                        PROVIDE (end = .)
                0x200010b0                        PROVIDE (_end = .)
                0x200012b0                        . = (. + _Min_Heap_Size)
 *fill*         0x200010b0      0x200 
                0x200016b0                        . = (. + _Min_Stack_Size)
 *fill*         0x200012b0      0x400 
                0x200016b0                        . = ALIGN (0x8)

/DISCARD/
 libc.a(*)
 libm.a(*)
 libgcc.a(*)

.ARM.attributes
                0x00000000       0x30
 *(.ARM.attributes)
 .ARM.attributes
                0x00000000       0x22 E:/stm cube/STM32CubeIDE_1.13.2/STM32CubeIDE/plugins/com.st.stm32cube.ide.mcu.externaltools.gnu-tools-for-stm32.12.3.rel1.win32_1.0.100.202403111256/tools/bin/../lib/gcc/arm-none-eabi/12.3.1/thumb/v7e-m+fp/hard/crti.o
 .ARM.attributes
                0x00000022       0x34 E:/stm cube/STM32CubeIDE_1.13.2/STM32CubeIDE/plugins/com.st.stm32cube.ide.mcu.externaltools.gnu-tools-for-stm32.12.3.rel1.win32_1.0.100.202403111256/tools/bin/../lib/gcc/arm-none-eabi/12.3.1/thumb/v7e-m+fp/hard/crtbegin.o
 .ARM.attributes
                0x00000056       0x34 ./Core/Src/ModBusRTU.o
 .ARM.attributes
                0x0000008a       0x34 ./Core/Src/main.o
 .ARM.attributes
                0x000000be       0x34 ./Core/Src/stm32g4xx_hal_msp.o
 .ARM.attributes
                0x000000f2       0x34 ./Core/Src/stm32g4xx_it.o
 .ARM.attributes
                0x00000126       0x34 ./Core/Src/system_stm32g4xx.o
 .ARM.attributes
                0x0000015a       0x21 ./Core/Startup/startup_stm32g474retx.o
 .ARM.attributes
                0x0000017b       0x34 ./Drivers/STM32G4xx_HAL_Driver/Src/stm32g4xx_hal.o
 .ARM.attributes
                0x000001af       0x34 ./Drivers/STM32G4xx_HAL_Driver/Src/stm32g4xx_hal_adc.o
 .ARM.attributes
                0x000001e3       0x34 ./Drivers/STM32G4xx_HAL_Driver/Src/stm32g4xx_hal_adc_ex.o
 .ARM.attributes
                0x00000217       0x34 ./Drivers/STM32G4xx_HAL_Driver/Src/stm32g4xx_hal_cortex.o
 .ARM.attributes
                0x0000024b       0x34 ./Drivers/STM32G4xx_HAL_Driver/Src/stm32g4xx_hal_dma.o
 .ARM.attributes
                0x0000027f       0x34 ./Drivers/STM32G4xx_HAL_Driver/Src/stm32g4xx_hal_gpio.o
 .ARM.attributes
                0x000002b3       0x34 ./Drivers/STM32G4xx_HAL_Driver/Src/stm32g4xx_hal_pwr_ex.o
 .ARM.attributes
                0x000002e7       0x34 ./Drivers/STM32G4xx_HAL_Driver/Src/stm32g4xx_hal_rcc.o
 .ARM.attributes
                0x0000031b       0x34 ./Drivers/STM32G4xx_HAL_Driver/Src/stm32g4xx_hal_rcc_ex.o
 .ARM.attributes
                0x0000034f       0x34 ./Drivers/STM32G4xx_HAL_Driver/Src/stm32g4xx_hal_tim.o
 .ARM.attributes
                0x00000383       0x34 ./Drivers/STM32G4xx_HAL_Driver/Src/stm32g4xx_hal_tim_ex.o
 .ARM.attributes
                0x000003b7       0x34 ./Drivers/STM32G4xx_HAL_Driver/Src/stm32g4xx_hal_uart.o
 .ARM.attributes
                0x000003eb       0x34 ./Drivers/STM32G4xx_HAL_Driver/Src/stm32g4xx_hal_uart_ex.o
 .ARM.attributes
                0x0000041f       0x34 ./Middlewares/Third_Party/ARM_CMSIS/Source/ControllerFunctions/ControllerFunctions.o
 .ARM.attributes
                0x00000453       0x34 E:/stm cube/STM32CubeIDE_1.13.2/STM32CubeIDE/plugins/com.st.stm32cube.ide.mcu.externaltools.gnu-tools-for-stm32.12.3.rel1.win32_1.0.100.202403111256/tools/bin/../lib/gcc/arm-none-eabi/12.3.1/../../../../arm-none-eabi/lib/thumb/v7e-m+fp/hard\libc_nano.a(libc_a-findfp.o)
 .ARM.attributes
                0x00000487       0x34 E:/stm cube/STM32CubeIDE_1.13.2/STM32CubeIDE/plugins/com.st.stm32cube.ide.mcu.externaltools.gnu-tools-for-stm32.12.3.rel1.win32_1.0.100.202403111256/tools/bin/../lib/gcc/arm-none-eabi/12.3.1/../../../../arm-none-eabi/lib/thumb/v7e-m+fp/hard\libc_nano.a(libc_a-memset.o)
 .ARM.attributes
                0x000004bb       0x34 E:/stm cube/STM32CubeIDE_1.13.2/STM32CubeIDE/plugins/com.st.stm32cube.ide.mcu.externaltools.gnu-tools-for-stm32.12.3.rel1.win32_1.0.100.202403111256/tools/bin/../lib/gcc/arm-none-eabi/12.3.1/../../../../arm-none-eabi/lib/thumb/v7e-m+fp/hard\libc_nano.a(libc_a-impure.o)
 .ARM.attributes
                0x000004ef       0x34 E:/stm cube/STM32CubeIDE_1.13.2/STM32CubeIDE/plugins/com.st.stm32cube.ide.mcu.externaltools.gnu-tools-for-stm32.12.3.rel1.win32_1.0.100.202403111256/tools/bin/../lib/gcc/arm-none-eabi/12.3.1/../../../../arm-none-eabi/lib/thumb/v7e-m+fp/hard\libc_nano.a(libc_a-errno.o)
 .ARM.attributes
                0x00000523       0x34 E:/stm cube/STM32CubeIDE_1.13.2/STM32CubeIDE/plugins/com.st.stm32cube.ide.mcu.externaltools.gnu-tools-for-stm32.12.3.rel1.win32_1.0.100.202403111256/tools/bin/../lib/gcc/arm-none-eabi/12.3.1/../../../../arm-none-eabi/lib/thumb/v7e-m+fp/hard\libc_nano.a(libc_a-init.o)
 .ARM.attributes
                0x00000557       0x34 E:/stm cube/STM32CubeIDE_1.13.2/STM32CubeIDE/plugins/com.st.stm32cube.ide.mcu.externaltools.gnu-tools-for-stm32.12.3.rel1.win32_1.0.100.202403111256/tools/bin/../lib/gcc/arm-none-eabi/12.3.1/../../../../arm-none-eabi/lib/thumb/v7e-m+fp/hard\libm.a(libm_a-w_sqrt.o)
 .ARM.attributes
                0x0000058b       0x34 E:/stm cube/STM32CubeIDE_1.13.2/STM32CubeIDE/plugins/com.st.stm32cube.ide.mcu.externaltools.gnu-tools-for-stm32.12.3.rel1.win32_1.0.100.202403111256/tools/bin/../lib/gcc/arm-none-eabi/12.3.1/../../../../arm-none-eabi/lib/thumb/v7e-m+fp/hard\libm.a(libm_a-e_sqrt.o)
 .ARM.attributes
                0x000005bf       0x22 E:/stm cube/STM32CubeIDE_1.13.2/STM32CubeIDE/plugins/com.st.stm32cube.ide.mcu.externaltools.gnu-tools-for-stm32.12.3.rel1.win32_1.0.100.202403111256/tools/bin/../lib/gcc/arm-none-eabi/12.3.1/thumb/v7e-m+fp/hard\libgcc.a(_arm_addsubdf3.o)
 .ARM.attributes
                0x000005e1       0x22 E:/stm cube/STM32CubeIDE_1.13.2/STM32CubeIDE/plugins/com.st.stm32cube.ide.mcu.externaltools.gnu-tools-for-stm32.12.3.rel1.win32_1.0.100.202403111256/tools/bin/../lib/gcc/arm-none-eabi/12.3.1/thumb/v7e-m+fp/hard\libgcc.a(_arm_muldivdf3.o)
 .ARM.attributes
                0x00000603       0x22 E:/stm cube/STM32CubeIDE_1.13.2/STM32CubeIDE/plugins/com.st.stm32cube.ide.mcu.externaltools.gnu-tools-for-stm32.12.3.rel1.win32_1.0.100.202403111256/tools/bin/../lib/gcc/arm-none-eabi/12.3.1/thumb/v7e-m+fp/hard\libgcc.a(_arm_cmpdf2.o)
 .ARM.attributes
                0x00000625       0x22 E:/stm cube/STM32CubeIDE_1.13.2/STM32CubeIDE/plugins/com.st.stm32cube.ide.mcu.externaltools.gnu-tools-for-stm32.12.3.rel1.win32_1.0.100.202403111256/tools/bin/../lib/gcc/arm-none-eabi/12.3.1/thumb/v7e-m+fp/hard\libgcc.a(_arm_unorddf2.o)
 .ARM.attributes
                0x00000647       0x22 E:/stm cube/STM32CubeIDE_1.13.2/STM32CubeIDE/plugins/com.st.stm32cube.ide.mcu.externaltools.gnu-tools-for-stm32.12.3.rel1.win32_1.0.100.202403111256/tools/bin/../lib/gcc/arm-none-eabi/12.3.1/thumb/v7e-m+fp/hard\libgcc.a(_arm_fixunsdfsi.o)
 .ARM.attributes
                0x00000669       0x22 E:/stm cube/STM32CubeIDE_1.13.2/STM32CubeIDE/plugins/com.st.stm32cube.ide.mcu.externaltools.gnu-tools-for-stm32.12.3.rel1.win32_1.0.100.202403111256/tools/bin/../lib/gcc/arm-none-eabi/12.3.1/thumb/v7e-m+fp/hard\libgcc.a(_arm_truncdfsf2.o)
 .ARM.attributes
                0x0000068b       0x22 E:/stm cube/STM32CubeIDE_1.13.2/STM32CubeIDE/plugins/com.st.stm32cube.ide.mcu.externaltools.gnu-tools-for-stm32.12.3.rel1.win32_1.0.100.202403111256/tools/bin/../lib/gcc/arm-none-eabi/12.3.1/thumb/v7e-m+fp/hard\libgcc.a(_arm_addsubsf3.o)
 .ARM.attributes
                0x000006ad       0x22 E:/stm cube/STM32CubeIDE_1.13.2/STM32CubeIDE/plugins/com.st.stm32cube.ide.mcu.externaltools.gnu-tools-for-stm32.12.3.rel1.win32_1.0.100.202403111256/tools/bin/../lib/gcc/arm-none-eabi/12.3.1/thumb/v7e-m+fp/hard\libgcc.a(_aeabi_uldivmod.o)
 .ARM.attributes
                0x000006cf       0x34 E:/stm cube/STM32CubeIDE_1.13.2/STM32CubeIDE/plugins/com.st.stm32cube.ide.mcu.externaltools.gnu-tools-for-stm32.12.3.rel1.win32_1.0.100.202403111256/tools/bin/../lib/gcc/arm-none-eabi/12.3.1/thumb/v7e-m+fp/hard\libgcc.a(_udivmoddi4.o)
 .ARM.attributes
                0x00000703       0x22 E:/stm cube/STM32CubeIDE_1.13.2/STM32CubeIDE/plugins/com.st.stm32cube.ide.mcu.externaltools.gnu-tools-for-stm32.12.3.rel1.win32_1.0.100.202403111256/tools/bin/../lib/gcc/arm-none-eabi/12.3.1/thumb/v7e-m+fp/hard\libgcc.a(_dvmd_tls.o)
 .ARM.attributes
                0x00000725       0x22 E:/stm cube/STM32CubeIDE_1.13.2/STM32CubeIDE/plugins/com.st.stm32cube.ide.mcu.externaltools.gnu-tools-for-stm32.12.3.rel1.win32_1.0.100.202403111256/tools/bin/../lib/gcc/arm-none-eabi/12.3.1/thumb/v7e-m+fp/hard/crtn.o
OUTPUT(Studio_readRPM.elf elf32-littlearm)
LOAD linker stubs
LOAD E:/stm cube/STM32CubeIDE_1.13.2/STM32CubeIDE/plugins/com.st.stm32cube.ide.mcu.externaltools.gnu-tools-for-stm32.12.3.rel1.win32_1.0.100.202403111256/tools/bin/../lib/gcc/arm-none-eabi/12.3.1/../../../../arm-none-eabi/lib/thumb/v7e-m+fp/hard\libc.a
LOAD E:/stm cube/STM32CubeIDE_1.13.2/STM32CubeIDE/plugins/com.st.stm32cube.ide.mcu.externaltools.gnu-tools-for-stm32.12.3.rel1.win32_1.0.100.202403111256/tools/bin/../lib/gcc/arm-none-eabi/12.3.1/../../../../arm-none-eabi/lib/thumb/v7e-m+fp/hard\libm.a
LOAD E:/stm cube/STM32CubeIDE_1.13.2/STM32CubeIDE/plugins/com.st.stm32cube.ide.mcu.externaltools.gnu-tools-for-stm32.12.3.rel1.win32_1.0.100.202403111256/tools/bin/../lib/gcc/arm-none-eabi/12.3.1/thumb/v7e-m+fp/hard\libgcc.a

.debug_info     0x00000000    0x1b3a8
 .debug_info    0x00000000     0x1598 ./Core/Src/ModBusRTU.o
 .debug_info    0x00001598     0x2f2e ./Core/Src/main.o
 .debug_info    0x000044c6     0x1dfe ./Core/Src/stm32g4xx_hal_msp.o
 .debug_info    0x000062c4      0xfdc ./Core/Src/stm32g4xx_it.o
 .debug_info    0x000072a0      0x58e ./Core/Src/system_stm32g4xx.o
 .debug_info    0x0000782e       0x30 ./Core/Startup/startup_stm32g474retx.o
 .debug_info    0x0000785e      0xb95 ./Drivers/STM32G4xx_HAL_Driver/Src/stm32g4xx_hal.o
 .debug_info    0x000083f3     0x2063 ./Drivers/STM32G4xx_HAL_Driver/Src/stm32g4xx_hal_adc.o
 .debug_info    0x0000a456     0x1d80 ./Drivers/STM32G4xx_HAL_Driver/Src/stm32g4xx_hal_adc_ex.o
 .debug_info    0x0000c1d6      0xdad ./Drivers/STM32G4xx_HAL_Driver/Src/stm32g4xx_hal_cortex.o
 .debug_info    0x0000cf83      0x85f ./Drivers/STM32G4xx_HAL_Driver/Src/stm32g4xx_hal_dma.o
 .debug_info    0x0000d7e2      0x763 ./Drivers/STM32G4xx_HAL_Driver/Src/stm32g4xx_hal_gpio.o
 .debug_info    0x0000df45      0x93f ./Drivers/STM32G4xx_HAL_Driver/Src/stm32g4xx_hal_pwr_ex.o
 .debug_info    0x0000e884      0xbe0 ./Drivers/STM32G4xx_HAL_Driver/Src/stm32g4xx_hal_rcc.o
 .debug_info    0x0000f464      0xc45 ./Drivers/STM32G4xx_HAL_Driver/Src/stm32g4xx_hal_rcc_ex.o
 .debug_info    0x000100a9     0x301a ./Drivers/STM32G4xx_HAL_Driver/Src/stm32g4xx_hal_tim.o
 .debug_info    0x000130c3     0x1f5e ./Drivers/STM32G4xx_HAL_Driver/Src/stm32g4xx_hal_tim_ex.o
 .debug_info    0x00015021     0x4ad2 ./Drivers/STM32G4xx_HAL_Driver/Src/stm32g4xx_hal_uart.o
 .debug_info    0x00019af3     0x10c8 ./Drivers/STM32G4xx_HAL_Driver/Src/stm32g4xx_hal_uart_ex.o
 .debug_info    0x0001abbb      0x7ed ./Middlewares/Third_Party/ARM_CMSIS/Source/ControllerFunctions/ControllerFunctions.o

.debug_abbrev   0x00000000     0x3132
 .debug_abbrev  0x00000000      0x365 ./Core/Src/ModBusRTU.o
 .debug_abbrev  0x00000365      0x439 ./Core/Src/main.o
 .debug_abbrev  0x0000079e      0x299 ./Core/Src/stm32g4xx_hal_msp.o
 .debug_abbrev  0x00000a37      0x1f7 ./Core/Src/stm32g4xx_it.o
 .debug_abbrev  0x00000c2e      0x11a ./Core/Src/system_stm32g4xx.o
 .debug_abbrev  0x00000d48       0x24 ./Core/Startup/startup_stm32g474retx.o
 .debug_abbrev  0x00000d6c      0x271 ./Drivers/STM32G4xx_HAL_Driver/Src/stm32g4xx_hal.o
 .debug_abbrev  0x00000fdd      0x2d3 ./Drivers/STM32G4xx_HAL_Driver/Src/stm32g4xx_hal_adc.o
 .debug_abbrev  0x000012b0      0x2ee ./Drivers/STM32G4xx_HAL_Driver/Src/stm32g4xx_hal_adc_ex.o
 .debug_abbrev  0x0000159e      0x31c ./Drivers/STM32G4xx_HAL_Driver/Src/stm32g4xx_hal_cortex.o
 .debug_abbrev  0x000018ba      0x1e2 ./Drivers/STM32G4xx_HAL_Driver/Src/stm32g4xx_hal_dma.o
 .debug_abbrev  0x00001a9c      0x1cb ./Drivers/STM32G4xx_HAL_Driver/Src/stm32g4xx_hal_gpio.o
 .debug_abbrev  0x00001c67      0x22c ./Drivers/STM32G4xx_HAL_Driver/Src/stm32g4xx_hal_pwr_ex.o
 .debug_abbrev  0x00001e93      0x2c9 ./Drivers/STM32G4xx_HAL_Driver/Src/stm32g4xx_hal_rcc.o
 .debug_abbrev  0x0000215c      0x258 ./Drivers/STM32G4xx_HAL_Driver/Src/stm32g4xx_hal_rcc_ex.o
 .debug_abbrev  0x000023b4      0x2b8 ./Drivers/STM32G4xx_HAL_Driver/Src/stm32g4xx_hal_tim.o
 .debug_abbrev  0x0000266c      0x2d6 ./Drivers/STM32G4xx_HAL_Driver/Src/stm32g4xx_hal_tim_ex.o
 .debug_abbrev  0x00002942      0x317 ./Drivers/STM32G4xx_HAL_Driver/Src/stm32g4xx_hal_uart.o
 .debug_abbrev  0x00002c59      0x2d2 ./Drivers/STM32G4xx_HAL_Driver/Src/stm32g4xx_hal_uart_ex.o
 .debug_abbrev  0x00002f2b      0x207 ./Middlewares/Third_Party/ARM_CMSIS/Source/ControllerFunctions/ControllerFunctions.o

.debug_aranges  0x00000000     0x1698
 .debug_aranges
                0x00000000       0x70 ./Core/Src/ModBusRTU.o
 .debug_aranges
                0x00000070      0x148 ./Core/Src/main.o
 .debug_aranges
                0x000001b8       0x68 ./Core/Src/stm32g4xx_hal_msp.o
 .debug_aranges
                0x00000220       0xa8 ./Core/Src/stm32g4xx_it.o
 .debug_aranges
                0x000002c8       0x28 ./Core/Src/system_stm32g4xx.o
 .debug_aranges
                0x000002f0       0x28 ./Core/Startup/startup_stm32g474retx.o
 .debug_aranges
                0x00000318      0x148 ./Drivers/STM32G4xx_HAL_Driver/Src/stm32g4xx_hal.o
 .debug_aranges
                0x00000460      0x248 ./Drivers/STM32G4xx_HAL_Driver/Src/stm32g4xx_hal_adc.o
 .debug_aranges
                0x000006a8      0x1c0 ./Drivers/STM32G4xx_HAL_Driver/Src/stm32g4xx_hal_adc_ex.o
 .debug_aranges
                0x00000868      0x118 ./Drivers/STM32G4xx_HAL_Driver/Src/stm32g4xx_hal_cortex.o
 .debug_aranges
                0x00000980       0x90 ./Drivers/STM32G4xx_HAL_Driver/Src/stm32g4xx_hal_dma.o
 .debug_aranges
                0x00000a10       0x58 ./Drivers/STM32G4xx_HAL_Driver/Src/stm32g4xx_hal_gpio.o
 .debug_aranges
                0x00000a68      0x140 ./Drivers/STM32G4xx_HAL_Driver/Src/stm32g4xx_hal_pwr_ex.o
 .debug_aranges
                0x00000ba8       0x98 ./Drivers/STM32G4xx_HAL_Driver/Src/stm32g4xx_hal_rcc.o
 .debug_aranges
                0x00000c40       0xb0 ./Drivers/STM32G4xx_HAL_Driver/Src/stm32g4xx_hal_rcc_ex.o
 .debug_aranges
                0x00000cf0      0x3f8 ./Drivers/STM32G4xx_HAL_Driver/Src/stm32g4xx_hal_tim.o
 .debug_aranges
                0x000010e8      0x240 ./Drivers/STM32G4xx_HAL_Driver/Src/stm32g4xx_hal_tim_ex.o
 .debug_aranges
                0x00001328      0x270 ./Drivers/STM32G4xx_HAL_Driver/Src/stm32g4xx_hal_uart.o
 .debug_aranges
                0x00001598       0xa8 ./Drivers/STM32G4xx_HAL_Driver/Src/stm32g4xx_hal_uart_ex.o
 .debug_aranges
                0x00001640       0x58 ./Middlewares/Third_Party/ARM_CMSIS/Source/ControllerFunctions/ControllerFunctions.o

.debug_rnglists
                0x00000000     0x11b0
 .debug_rnglists
                0x00000000       0x54 ./Core/Src/ModBusRTU.o
 .debug_rnglists
                0x00000054      0x108 ./Core/Src/main.o
 .debug_rnglists
                0x0000015c       0x4e ./Core/Src/stm32g4xx_hal_msp.o
 .debug_rnglists
                0x000001aa       0x79 ./Core/Src/stm32g4xx_it.o
 .debug_rnglists
                0x00000223       0x1a ./Core/Src/system_stm32g4xx.o
 .debug_rnglists
                0x0000023d       0x19 ./Core/Startup/startup_stm32g474retx.o
 .debug_rnglists
                0x00000256       0xf1 ./Drivers/STM32G4xx_HAL_Driver/Src/stm32g4xx_hal.o
 .debug_rnglists
                0x00000347      0x1c0 ./Drivers/STM32G4xx_HAL_Driver/Src/stm32g4xx_hal_adc.o
 .debug_rnglists
                0x00000507      0x15a ./Drivers/STM32G4xx_HAL_Driver/Src/stm32g4xx_hal_adc_ex.o
 .debug_rnglists
                0x00000661       0xce ./Drivers/STM32G4xx_HAL_Driver/Src/stm32g4xx_hal_cortex.o
 .debug_rnglists
                0x0000072f       0x71 ./Drivers/STM32G4xx_HAL_Driver/Src/stm32g4xx_hal_dma.o
 .debug_rnglists
                0x000007a0       0x3f ./Drivers/STM32G4xx_HAL_Driver/Src/stm32g4xx_hal_gpio.o
 .debug_rnglists
                0x000007df       0xf1 ./Drivers/STM32G4xx_HAL_Driver/Src/stm32g4xx_hal_pwr_ex.o
 .debug_rnglists
                0x000008d0       0x74 ./Drivers/STM32G4xx_HAL_Driver/Src/stm32g4xx_hal_rcc.o
 .debug_rnglists
                0x00000944       0x87 ./Drivers/STM32G4xx_HAL_Driver/Src/stm32g4xx_hal_rcc_ex.o
 .debug_rnglists
                0x000009cb      0x33d ./Drivers/STM32G4xx_HAL_Driver/Src/stm32g4xx_hal_tim.o
 .debug_rnglists
                0x00000d08      0x1cc ./Drivers/STM32G4xx_HAL_Driver/Src/stm32g4xx_hal_tim_ex.o
 .debug_rnglists
                0x00000ed4      0x21c ./Drivers/STM32G4xx_HAL_Driver/Src/stm32g4xx_hal_uart.o
 .debug_rnglists
                0x000010f0       0x7f ./Drivers/STM32G4xx_HAL_Driver/Src/stm32g4xx_hal_uart_ex.o
 .debug_rnglists
                0x0000116f       0x41 ./Middlewares/Third_Party/ARM_CMSIS/Source/ControllerFunctions/ControllerFunctions.o

.debug_macro    0x00000000    0x290a1
 .debug_macro   0x00000000      0x2d5 ./Core/Src/ModBusRTU.o
 .debug_macro   0x000002d5      0xab4 ./Core/Src/ModBusRTU.o
 .debug_macro   0x00000d89      0x161 ./Core/Src/ModBusRTU.o
 .debug_macro   0x00000eea       0x2e ./Core/Src/ModBusRTU.o
 .debug_macro   0x00000f18       0x28 ./Core/Src/ModBusRTU.o
 .debug_macro   0x00000f40       0x22 ./Core/Src/ModBusRTU.o
 .debug_macro   0x00000f62       0x8e ./Core/Src/ModBusRTU.o
 .debug_macro   0x00000ff0       0x51 ./Core/Src/ModBusRTU.o
 .debug_macro   0x00001041      0x103 ./Core/Src/ModBusRTU.o
 .debug_macro   0x00001144       0x6a ./Core/Src/ModBusRTU.o
 .debug_macro   0x000011ae      0x1df ./Core/Src/ModBusRTU.o
 .debug_macro   0x0000138d       0x1c ./Core/Src/ModBusRTU.o
 .debug_macro   0x000013a9       0x22 ./Core/Src/ModBusRTU.o
 .debug_macro   0x000013cb       0xfb ./Core/Src/ModBusRTU.o
 .debug_macro   0x000014c6     0x1011 ./Core/Src/ModBusRTU.o
 .debug_macro   0x000024d7      0x11f ./Core/Src/ModBusRTU.o
 .debug_macro   0x000025f6    0x18b45 ./Core/Src/ModBusRTU.o
 .debug_macro   0x0001b13b       0x6d ./Core/Src/ModBusRTU.o
 .debug_macro   0x0001b1a8     0x354d ./Core/Src/ModBusRTU.o
 .debug_macro   0x0001e6f5      0x189 ./Core/Src/ModBusRTU.o
 .debug_macro   0x0001e87e       0x5c ./Core/Src/ModBusRTU.o
 .debug_macro   0x0001e8da     0x171f ./Core/Src/ModBusRTU.o
 .debug_macro   0x0001fff9      0x600 ./Core/Src/ModBusRTU.o
 .debug_macro   0x000205f9      0x1b6 ./Core/Src/ModBusRTU.o
 .debug_macro   0x000207af      0x34a ./Core/Src/ModBusRTU.o
 .debug_macro   0x00020af9      0x53c ./Core/Src/ModBusRTU.o
 .debug_macro   0x00021035      0x18b ./Core/Src/ModBusRTU.o
 .debug_macro   0x000211c0       0x43 ./Core/Src/ModBusRTU.o
 .debug_macro   0x00021203      0x23d ./Core/Src/ModBusRTU.o
 .debug_macro   0x00021440     0x1112 ./Core/Src/ModBusRTU.o
 .debug_macro   0x00022552      0x72e ./Core/Src/ModBusRTU.o
 .debug_macro   0x00022c80      0x391 ./Core/Src/ModBusRTU.o
 .debug_macro   0x00023011      0x211 ./Core/Src/ModBusRTU.o
 .debug_macro   0x00023222      0x45c ./Core/Src/ModBusRTU.o
 .debug_macro   0x0002367e      0x11c ./Core/Src/ModBusRTU.o
 .debug_macro   0x0002379a      0x122 ./Core/Src/ModBusRTU.o
 .debug_macro   0x000238bc      0x3d1 ./Core/Src/ModBusRTU.o
 .debug_macro   0x00023c8d      0xc0b ./Core/Src/ModBusRTU.o
 .debug_macro   0x00024898      0x718 ./Core/Src/ModBusRTU.o
 .debug_macro   0x00024fb0      0x69a ./Core/Src/ModBusRTU.o
 .debug_macro   0x0002564a       0xa6 ./Core/Src/ModBusRTU.o
 .debug_macro   0x000256f0      0x358 ./Core/Src/ModBusRTU.o
 .debug_macro   0x00025a48       0x61 ./Core/Src/ModBusRTU.o
 .debug_macro   0x00025aa9       0x2a ./Core/Src/ModBusRTU.o
 .debug_macro   0x00025ad3       0x43 ./Core/Src/ModBusRTU.o
 .debug_macro   0x00025b16       0x34 ./Core/Src/ModBusRTU.o
 .debug_macro   0x00025b4a       0x16 ./Core/Src/ModBusRTU.o
 .debug_macro   0x00025b60       0x43 ./Core/Src/ModBusRTU.o
 .debug_macro   0x00025ba3       0x34 ./Core/Src/ModBusRTU.o
 .debug_macro   0x00025bd7       0x10 ./Core/Src/ModBusRTU.o
 .debug_macro   0x00025be7       0x58 ./Core/Src/ModBusRTU.o
 .debug_macro   0x00025c3f       0x8e ./Core/Src/ModBusRTU.o
 .debug_macro   0x00025ccd       0x1c ./Core/Src/ModBusRTU.o
 .debug_macro   0x00025ce9      0x177 ./Core/Src/ModBusRTU.o
 .debug_macro   0x00025e60      0x369 ./Core/Src/ModBusRTU.o
 .debug_macro   0x000261c9       0x10 ./Core/Src/ModBusRTU.o
 .debug_macro   0x000261d9       0x35 ./Core/Src/ModBusRTU.o
 .debug_macro   0x0002620e       0x20 ./Core/Src/ModBusRTU.o
 .debug_macro   0x0002622e      0x45b ./Core/Src/main.o
 .debug_macro   0x00026689       0x34 ./Core/Src/main.o
 .debug_macro   0x000266bd      0x19b ./Core/Src/main.o
 .debug_macro   0x00026858      0x201 ./Core/Src/main.o
 .debug_macro   0x00026a59       0x7c ./Core/Src/main.o
 .debug_macro   0x00026ad5       0x17 ./Core/Src/main.o
 .debug_macro   0x00026aec      0x118 ./Core/Src/main.o
 .debug_macro   0x00026c04       0xb9 ./Core/Src/main.o
 .debug_macro   0x00026cbd       0x42 ./Core/Src/main.o
 .debug_macro   0x00026cff       0x35 ./Core/Src/main.o
 .debug_macro   0x00026d34       0x22 ./Core/Src/main.o
 .debug_macro   0x00026d56       0x28 ./Core/Src/main.o
 .debug_macro   0x00026d7e       0x16 ./Core/Src/main.o