../Core/Src/main.c:292:5:main	128	static
../Core/Src/main.c:583:6:SystemClock_Config	88	static
../Core/Src/main.c:630:13:MX_ADC1_Init	56	static
../Core/Src/main.c:707:13:MX_TIM2_Init	56	static
../Core/Src/main.c:756:13:MX_TIM3_Init	64	static
../Core/Src/main.c:815:13:MX_TIM4_Init	40	static
../Core/Src/main.c:860:13:MX_TIM5_Init	40	static
../Core/Src/main.c:905:13:MX_TIM6_Init	24	static
../Core/Src/main.c:943:13:MX_TIM15_Init	40	static
../Core/Src/main.c:989:13:MX_TIM16_Init	8	static
../Core/Src/main.c:1025:13:MX_USART2_UART_Init	8	static
../Core/Src/main.c:1071:13:MX_DMA_Init	24	static
../Core/Src/main.c:1097:13:MX_GPIO_Init	48	static
../Core/Src/main.c:1211:6:HAL_TIM_PeriodElapsedCallback	32	static
../Core/Src/main.c:1244:10:micros	4	static
../Core/Src/main.c:1249:6:QEIEncoderPosVel_Update	40	static
../Core/Src/main.c:1297:6:HAL_GPIO_EXTI_Callback	24	static
../Core/Src/main.c:1334:6:checkStartMoving	40	static
../Core/Src/main.c:1367:6:createTrajectory	24	static
../Core/Src/main.c:1414:6:DriveMotor	16	static
../Core/Src/main.c:1439:6:SoftwareLimit	4	static
../Core/Src/main.c:1459:6:JoystickInput	16	static
../Core/Src/main.c:1481:6:button_up_down_input	8	static
../Core/Src/main.c:1529:6:button_reset_input	8	static
../Core/Src/main.c:1592:6:button_save_position	8	static
../Core/Src/main.c:1606:6:Heartbeat	4	static
../Core/Src/main.c:1610:6:Routine	8	static
../Core/Src/main.c:1634:6:check_vaccum_status	40	static
../Core/Src/main.c:1667:6:check_gripper_status	40	static
../Core/Src/main.c:1709:6:set_shelf	8	static
../Core/Src/main.c:1746:6:Pointmode	8	static
../Core/Src/main.c:1782:6:Home	8	static
../Core/Src/main.c:1810:6:Run_jog	8	static
../Core/Src/main.c:1920:6:LED_Emergency	8	static
../Core/Src/main.c:1928:6:LED_Homing	8	static
../Core/Src/main.c:1936:6:LED_Ready	8	static
../Core/Src/main.c:1944:6:LED_Auto	8	static
../Core/Src/main.c:1953:6:LED_Manual	8	static
../Core/Src/main.c:1961:6:checkEmer	8	static
../Core/Src/main.c:1987:6:Error_Handler	4	static,ignoring_inline_asm
