../Core/Src/main.c:238:5:main	72	static
../Core/Src/main.c:451:6:SystemClock_Config	88	static
../Core/Src/main.c:498:13:MX_ADC1_Init	56	static
../Core/Src/main.c:575:13:MX_TIM2_Init	56	static
../Core/Src/main.c:624:13:MX_TIM3_Init	64	static
../Core/Src/main.c:683:13:MX_TIM4_Init	40	static
../Core/Src/main.c:728:13:MX_TIM5_Init	40	static
../Core/Src/main.c:773:13:MX_TIM6_Init	24	static
../Core/Src/main.c:811:13:MX_TIM16_Init	8	static
../Core/Src/main.c:847:13:MX_USART2_UART_Init	8	static
../Core/Src/main.c:893:13:MX_DMA_Init	24	static
../Core/Src/main.c:919:13:MX_GPIO_Init	48	static
../Core/Src/main.c:1017:6:HAL_TIM_PeriodElapsedCallback	24	static
../Core/Src/main.c:1032:10:micros	12	static
../Core/Src/main.c:1037:6:QEIEncoderPosVel_Update	40	static
../Core/Src/main.c:1076:6:HAL_GPIO_EXTI_Callback	16	static
../Core/Src/main.c:1110:6:checkStartMoving	40	static
../Core/Src/main.c:1143:6:createTrajectory	24	static
../Core/Src/main.c:1190:6:DriveMotor	16	static
../Core/Src/main.c:1204:6:SoftwareLimit	4	static
../Core/Src/main.c:1224:6:JoystickInput	16	static
../Core/Src/main.c:1235:6:button_up_down_input	8	static
../Core/Src/main.c:1281:6:button_reset_input	8	static
../Core/Src/main.c:1318:6:button_save_position	8	static
../Core/Src/main.c:1331:6:Heartbeat	4	static
../Core/Src/main.c:1335:6:Routine	8	static
../Core/Src/main.c:1359:6:check_vaccum_status	8	static
../Core/Src/main.c:1372:6:check_gripper_status	8	static
../Core/Src/main.c:1390:6:set_shelf	8	static
../Core/Src/main.c:1427:6:Pointmode	8	static
../Core/Src/main.c:1457:6:Home	8	static
../Core/Src/main.c:1482:6:Run_jog	8	static
../Core/Src/main.c:1588:6:LED_Emergency	8	static
../Core/Src/main.c:1596:6:LED_Homing	8	static
../Core/Src/main.c:1604:6:LED_Ready	8	static
../Core/Src/main.c:1612:6:LED_Auto	8	static
../Core/Src/main.c:1620:6:LED_Manual	8	static
../Core/Src/main.c:1636:6:Error_Handler	4	static,ignoring_inline_asm
