../Core/Src/main.c:238:5:main	72	static
../Core/Src/main.c:442:6:SystemClock_Config	88	static
../Core/Src/main.c:489:13:MX_ADC1_Init	56	static
../Core/Src/main.c:566:13:MX_TIM2_Init	56	static
../Core/Src/main.c:615:13:MX_TIM3_Init	64	static
../Core/Src/main.c:674:13:MX_TIM4_Init	40	static
../Core/Src/main.c:719:13:MX_TIM5_Init	40	static
../Core/Src/main.c:764:13:MX_TIM6_Init	24	static
../Core/Src/main.c:802:13:MX_TIM16_Init	8	static
../Core/Src/main.c:838:13:MX_USART2_UART_Init	8	static
../Core/Src/main.c:884:13:MX_DMA_Init	24	static
../Core/Src/main.c:910:13:MX_GPIO_Init	48	static
../Core/Src/main.c:1014:6:HAL_TIM_PeriodElapsedCallback	24	static
../Core/Src/main.c:1029:10:micros	12	static
../Core/Src/main.c:1034:6:QEIEncoderPosVel_Update	40	static
../Core/Src/main.c:1073:6:HAL_GPIO_EXTI_Callback	16	static
../Core/Src/main.c:1103:6:checkStartMoving	40	static
../Core/Src/main.c:1136:6:createTrajectory	24	static
../Core/Src/main.c:1183:6:DriveMotor	16	static
../Core/Src/main.c:1197:6:SoftwareLimit	4	static
../Core/Src/main.c:1217:6:JoystickInput	16	static
../Core/Src/main.c:1225:6:button_up_down_input	8	static
../Core/Src/main.c:1271:6:button_reset_input	8	static
../Core/Src/main.c:1307:6:button_save_position	8	static
../Core/Src/main.c:1320:6:Heartbeat	4	static
../Core/Src/main.c:1324:6:Routine	8	static
../Core/Src/main.c:1348:6:check_vaccum_status	8	static
../Core/Src/main.c:1361:6:check_gripper_status	8	static
../Core/Src/main.c:1379:6:set_shelf	8	static
../Core/Src/main.c:1415:6:Pointmode	8	static
../Core/Src/main.c:1445:6:Home	8	static
../Core/Src/main.c:1469:6:Run_jog	8	static
../Core/Src/main.c:1573:6:LED_Emergency	8	static
../Core/Src/main.c:1581:6:LED_Homing	8	static
../Core/Src/main.c:1589:6:LED_Ready	8	static
../Core/Src/main.c:1597:6:LED_Auto	8	static
../Core/Src/main.c:1605:6:LED_Manual	8	static
../Core/Src/main.c:1621:6:Error_Handler	4	static,ignoring_inline_asm
