../Core/Src/main.c:282:5:main	120	static
../Core/Src/main.c:543:6:SystemClock_Config	88	static
../Core/Src/main.c:590:13:MX_ADC1_Init	56	static
../Core/Src/main.c:667:13:MX_TIM2_Init	56	static
../Core/Src/main.c:716:13:MX_TIM3_Init	64	static
../Core/Src/main.c:775:13:MX_TIM4_Init	40	static
../Core/Src/main.c:820:13:MX_TIM5_Init	40	static
../Core/Src/main.c:865:13:MX_TIM6_Init	24	static
../Core/Src/main.c:903:13:MX_TIM15_Init	40	static
../Core/Src/main.c:949:13:MX_TIM16_Init	8	static
../Core/Src/main.c:985:13:MX_USART2_UART_Init	8	static
../Core/Src/main.c:1031:13:MX_DMA_Init	24	static
../Core/Src/main.c:1057:13:MX_GPIO_Init	48	static
../Core/Src/main.c:1158:6:HAL_TIM_PeriodElapsedCallback	32	static
../Core/Src/main.c:1191:10:micros	4	static
../Core/Src/main.c:1196:6:QEIEncoderPosVel_Update	40	static
../Core/Src/main.c:1235:6:HAL_GPIO_EXTI_Callback	24	static
../Core/Src/main.c:1279:6:checkStartMoving	40	static
../Core/Src/main.c:1312:6:createTrajectory	24	static
../Core/Src/main.c:1359:6:DriveMotor	16	static
../Core/Src/main.c:1384:6:SoftwareLimit	4	static
../Core/Src/main.c:1404:6:JoystickInput	16	static
../Core/Src/main.c:1415:6:button_up_down_input	8	static
../Core/Src/main.c:1461:6:button_reset_input	8	static
../Core/Src/main.c:1506:6:button_save_position	8	static
../Core/Src/main.c:1520:6:Heartbeat	4	static
../Core/Src/main.c:1524:6:Routine	8	static
../Core/Src/main.c:1548:6:check_vaccum_status	40	static
../Core/Src/main.c:1581:6:check_gripper_status	40	static
../Core/Src/main.c:1623:6:set_shelf	8	static
../Core/Src/main.c:1660:6:Pointmode	8	static
../Core/Src/main.c:1695:6:Home	8	static
../Core/Src/main.c:1723:6:Run_jog	8	static
../Core/Src/main.c:1829:6:LED_Emergency	8	static
../Core/Src/main.c:1837:6:LED_Homing	8	static
../Core/Src/main.c:1845:6:LED_Ready	8	static
../Core/Src/main.c:1853:6:LED_Auto	8	static
../Core/Src/main.c:1861:6:LED_Manual	8	static
../Core/Src/main.c:1877:6:Error_Handler	4	static,ignoring_inline_asm
