../Core/Src/main.c:214:5:main	8	static
../Core/Src/main.c:411:6:SystemClock_Config	88	static
../Core/Src/main.c:458:13:MX_ADC1_Init	56	static
../Core/Src/main.c:535:13:MX_TIM2_Init	56	static
../Core/Src/main.c:584:13:MX_TIM3_Init	64	static
../Core/Src/main.c:643:13:MX_TIM4_Init	40	static
../Core/Src/main.c:688:13:MX_TIM5_Init	40	static
../Core/Src/main.c:733:13:MX_TIM6_Init	24	static
../Core/Src/main.c:771:13:MX_TIM16_Init	8	static
../Core/Src/main.c:807:13:MX_USART2_UART_Init	8	static
../Core/Src/main.c:853:13:MX_DMA_Init	24	static
../Core/Src/main.c:879:13:MX_GPIO_Init	48	static
../Core/Src/main.c:986:6:HAL_TIM_PeriodElapsedCallback	24	static
../Core/Src/main.c:1001:10:micros	12	static
../Core/Src/main.c:1006:6:QEIEncoderPosVel_Update	40	static
../Core/Src/main.c:1041:6:HAL_GPIO_EXTI_Callback	16	static
../Core/Src/main.c:1071:6:checkStartMoving	40	static
../Core/Src/main.c:1104:6:createTrajectory	24	static
../Core/Src/main.c:1151:6:DriveMotor	16	static
../Core/Src/main.c:1165:6:SoftwareLimit	4	static
../Core/Src/main.c:1185:6:JoystickInput	4	static
../Core/Src/main.c:1190:6:button_up_down_input	8	static
../Core/Src/main.c:1224:6:button_reset_input	8	static
../Core/Src/main.c:1259:6:Heartbeat	4	static
../Core/Src/main.c:1266:6:Routine	4	static
../Core/Src/main.c:1285:6:check_vaccum_status	4	static
../Core/Src/main.c:1300:6:check_gripper_status	4	static
../Core/Src/main.c:1315:6:set_shelf	4	static
../Core/Src/main.c:1344:6:Pointmode	4	static
../Core/Src/main.c:1365:6:Home	4	static
../Core/Src/main.c:1383:6:Run_jog	4	static
../Core/Src/main.c:1407:6:Error_Handler	4	static,ignoring_inline_asm
