../Core/Src/main.c:255:5:main	48	static
../Core/Src/main.c:499:6:SystemClock_Config	88	static
../Core/Src/main.c:546:13:MX_ADC1_Init	56	static
../Core/Src/main.c:623:13:MX_TIM2_Init	56	static
../Core/Src/main.c:672:13:MX_TIM3_Init	64	static
../Core/Src/main.c:731:13:MX_TIM4_Init	40	static
../Core/Src/main.c:776:13:MX_TIM5_Init	40	static
../Core/Src/main.c:821:13:MX_TIM6_Init	24	static
../Core/Src/main.c:859:13:MX_TIM16_Init	8	static
../Core/Src/main.c:895:13:MX_USART2_UART_Init	8	static
../Core/Src/main.c:941:13:MX_DMA_Init	24	static
../Core/Src/main.c:967:13:MX_GPIO_Init	48	static
../Core/Src/main.c:1068:6:HAL_TIM_PeriodElapsedCallback	24	static
../Core/Src/main.c:1083:10:micros	4	static
../Core/Src/main.c:1088:6:QEIEncoderPosVel_Update	40	static
../Core/Src/main.c:1127:6:HAL_GPIO_EXTI_Callback	24	static
../Core/Src/main.c:1175:6:checkStartMoving	40	static
../Core/Src/main.c:1208:6:createTrajectory	24	static
../Core/Src/main.c:1255:6:DriveMotor	16	static
../Core/Src/main.c:1280:6:SoftwareLimit	4	static
../Core/Src/main.c:1300:6:JoystickInput	16	static
../Core/Src/main.c:1311:6:button_up_down_input	8	static
../Core/Src/main.c:1357:6:button_reset_input	8	static
../Core/Src/main.c:1401:6:button_save_position	8	static
../Core/Src/main.c:1415:6:Heartbeat	4	static
../Core/Src/main.c:1419:6:Routine	8	static
../Core/Src/main.c:1443:6:check_vaccum_status	40	static
../Core/Src/main.c:1476:6:check_gripper_status	40	static
../Core/Src/main.c:1518:6:set_shelf	8	static
../Core/Src/main.c:1555:6:Pointmode	8	static
../Core/Src/main.c:1590:6:Home	8	static
../Core/Src/main.c:1618:6:Run_jog	8	static
../Core/Src/main.c:1724:6:LED_Emergency	8	static
../Core/Src/main.c:1732:6:LED_Homing	8	static
../Core/Src/main.c:1740:6:LED_Ready	8	static
../Core/Src/main.c:1748:6:LED_Auto	8	static
../Core/Src/main.c:1756:6:LED_Manual	8	static
../Core/Src/main.c:1772:6:Error_Handler	4	static,ignoring_inline_asm
