../Core/Src/main.c:299:5:main	128	static
../Core/Src/main.c:589:6:SystemClock_Config	88	static
../Core/Src/main.c:636:13:MX_ADC1_Init	56	static
../Core/Src/main.c:713:13:MX_TIM2_Init	56	static
../Core/Src/main.c:762:13:MX_TIM3_Init	64	static
../Core/Src/main.c:821:13:MX_TIM4_Init	40	static
../Core/Src/main.c:866:13:MX_TIM5_Init	40	static
../Core/Src/main.c:911:13:MX_TIM6_Init	24	static
../Core/Src/main.c:949:13:MX_TIM15_Init	40	static
../Core/Src/main.c:995:13:MX_TIM16_Init	8	static
../Core/Src/main.c:1031:13:MX_USART2_UART_Init	8	static
../Core/Src/main.c:1077:13:MX_DMA_Init	24	static
../Core/Src/main.c:1103:13:MX_GPIO_Init	48	static
../Core/Src/main.c:1217:6:HAL_TIM_PeriodElapsedCallback	32	static
../Core/Src/main.c:1250:10:micros	4	static
../Core/Src/main.c:1255:6:QEIEncoderPosVel_Update	40	static
../Core/Src/main.c:1310:6:HAL_GPIO_EXTI_Callback	24	static
../Core/Src/main.c:1347:6:checkStartMoving	40	static
../Core/Src/main.c:1380:6:createTrajectory	24	static
../Core/Src/main.c:1427:6:DriveMotor	16	static
../Core/Src/main.c:1454:6:SoftwareLimit	4	static
../Core/Src/main.c:1474:6:JoystickInput	16	static
../Core/Src/main.c:1496:6:button_up_down_input	8	static
../Core/Src/main.c:1544:6:button_reset_input	8	static
../Core/Src/main.c:1611:6:button_save_position	8	static
../Core/Src/main.c:1625:6:Heartbeat	4	static
../Core/Src/main.c:1629:6:Routine	8	static
../Core/Src/main.c:1653:6:check_vaccum_status	40	static
../Core/Src/main.c:1688:6:check_gripper_status	40	static
../Core/Src/main.c:1730:6:set_shelf	8	static
../Core/Src/main.c:1767:6:Pointmode	8	static
../Core/Src/main.c:1807:6:Home	8	static
../Core/Src/main.c:1835:6:Run_jog	8	static
../Core/Src/main.c:1945:6:LED_Emergency	8	static
../Core/Src/main.c:1953:6:LED_Homing	8	static
../Core/Src/main.c:1961:6:LED_Ready	8	static
../Core/Src/main.c:1969:6:LED_Auto	8	static
../Core/Src/main.c:1978:6:LED_Manual	8	static
../Core/Src/main.c:1986:6:checkEmer	16	static
../Core/Src/main.c:2020:6:Error_Handler	4	static,ignoring_inline_asm
