../Core/Src/main.c:171:5:main	72	static
../Core/Src/main.c:322:6:SystemClock_Config	88	static
../Core/Src/main.c:369:13:MX_ADC1_Init	56	static
../Core/Src/main.c:446:13:MX_LPUART1_UART_Init	8	static
../Core/Src/main.c:493:13:MX_TIM2_Init	56	static
../Core/Src/main.c:542:13:MX_TIM3_Init	64	static
../Core/Src/main.c:601:13:MX_TIM4_Init	40	static
../Core/Src/main.c:646:13:MX_TIM5_Init	40	static
../Core/Src/main.c:689:13:MX_DMA_Init	16	static
../Core/Src/main.c:708:13:MX_GPIO_Init	48	static
../Core/Src/main.c:815:6:HAL_TIM_PeriodElapsedCallback	24	static
../Core/Src/main.c:823:10:micros	12	static
../Core/Src/main.c:828:6:QEIEncoderPosVel_Update	40	static
../Core/Src/main.c:863:6:HAL_GPIO_EXTI_Callback	16	static
../Core/Src/main.c:893:6:checkStartMoving	40	static
../Core/Src/main.c:926:6:createTrajectory	24	static
../Core/Src/main.c:973:6:DriveMotor	16	static
../Core/Src/main.c:987:6:SoftwareLimit	4	static
../Core/Src/main.c:1007:6:JoystickInput	4	static
../Core/Src/main.c:1012:6:button_up_down_input	8	static
../Core/Src/main.c:1046:6:button_reset_input	8	static
../Core/Src/main.c:1085:6:Error_Handler	4	static,ignoring_inline_asm
